Component: ARM Compiler 5.06 update 5 (build 528) Tool: armlink [4d35e2]

==============================================================================

Section Cross References

    main.o(i.led1_task) refers to stm32h7xx_hal_gpio.o(i.HAL_GPIO_WritePin) for HAL_GPIO_WritePin
    main.o(i.led1_task) refers to tasks.o(i.vTaskDelay) for vTaskDelay
    main.o(i.led2_task) refers to stm32h7xx_hal_gpio.o(i.HAL_GPIO_WritePin) for HAL_GPIO_WritePin
    main.o(i.led2_task) refers to tasks.o(i.vTaskDelay) for vTaskDelay
    main.o(i.main) refers to sys.o(i.Cache_Enable) for Cache_Enable
    main.o(i.main) refers to stm32h7xx_hal.o(i.HAL_Init) for HAL_Init
    main.o(i.main) refers to sys.o(i.Stm32_Clock_Init) for Stm32_Clock_Init
    main.o(i.main) refers to delay.o(i.delay_init) for delay_init
    main.o(i.main) refers to usart.o(i.uart_init) for uart_init
    main.o(i.main) refers to led.o(i.LED_Init) for LED_Init
    main.o(i.main) refers to tasks.o(i.xTaskCreate) for xTaskCreate
    main.o(i.main) refers to tasks.o(i.vTaskStartScheduler) for vTaskStartScheduler
    main.o(i.main) refers to main.o(i.led1_task) for led1_task
    main.o(i.main) refers to main.o(i.led2_task) for led2_task
    stm32h7xx_it.o(i.SysTick_Handler) refers to stm32h7xx_hal.o(i.HAL_IncTick) for HAL_IncTick
    stm32h7xx_it.o(i.SysTick_Handler) refers to tasks.o(i.xTaskGetSchedulerState) for xTaskGetSchedulerState
    stm32h7xx_it.o(i.SysTick_Handler) refers to port.o(i.xPortSysTickHandler) for xPortSysTickHandler
    system_stm32h7xx.o(i.SystemCoreClockUpdate) refers to system_stm32h7xx.o(.data) for SystemCoreClock
    system_stm32h7xx.o(i.SystemCoreClockUpdate) refers to system_stm32h7xx.o(.constdata) for D1CorePrescTable
    startup_stm32h743xx.o(STACK) refers (Special) to heapauxi.o(.text) for __use_two_region_memory
    startup_stm32h743xx.o(HEAP) refers (Special) to heapauxi.o(.text) for __use_two_region_memory
    startup_stm32h743xx.o(RESET) refers (Special) to heapauxi.o(.text) for __use_two_region_memory
    startup_stm32h743xx.o(RESET) refers to startup_stm32h743xx.o(STACK) for __initial_sp
    startup_stm32h743xx.o(RESET) refers to startup_stm32h743xx.o(.text) for Reset_Handler
    startup_stm32h743xx.o(RESET) refers to stm32h7xx_it.o(i.NMI_Handler) for NMI_Handler
    startup_stm32h743xx.o(RESET) refers to stm32h7xx_it.o(i.HardFault_Handler) for HardFault_Handler
    startup_stm32h743xx.o(RESET) refers to stm32h7xx_it.o(i.MemManage_Handler) for MemManage_Handler
    startup_stm32h743xx.o(RESET) refers to stm32h7xx_it.o(i.BusFault_Handler) for BusFault_Handler
    startup_stm32h743xx.o(RESET) refers to stm32h7xx_it.o(i.UsageFault_Handler) for UsageFault_Handler
    startup_stm32h743xx.o(RESET) refers to port.o(.emb_text) for SVC_Handler
    startup_stm32h743xx.o(RESET) refers to stm32h7xx_it.o(i.DebugMon_Handler) for DebugMon_Handler
    startup_stm32h743xx.o(RESET) refers to stm32h7xx_it.o(i.SysTick_Handler) for SysTick_Handler
    startup_stm32h743xx.o(RESET) refers to usart.o(i.USART1_IRQHandler) for USART1_IRQHandler
    startup_stm32h743xx.o(.text) refers (Special) to heapauxi.o(.text) for __use_two_region_memory
    startup_stm32h743xx.o(.text) refers to system_stm32h7xx.o(i.SystemInit) for SystemInit
    startup_stm32h743xx.o(.text) refers to __main.o(!!!main) for __main
    startup_stm32h743xx.o(.text) refers to startup_stm32h743xx.o(HEAP) for Heap_Mem
    startup_stm32h743xx.o(.text) refers to startup_stm32h743xx.o(STACK) for Stack_Mem
    delay.o(i.delay_init) refers to stm32h7xx_hal_cortex.o(i.HAL_SYSTICK_CLKSourceConfig) for HAL_SYSTICK_CLKSourceConfig
    delay.o(i.delay_init) refers to delay.o(.data) for fac_us
    delay.o(i.delay_ms) refers to delay.o(i.delay_us) for delay_us
    delay.o(i.delay_us) refers to delay.o(.data) for fac_us
    sys.o(i.Cache_Enable) refers to sys.o(i.SCB_EnableICache) for SCB_EnableICache
    sys.o(i.Cache_Enable) refers to sys.o(i.SCB_EnableDCache) for SCB_EnableDCache
    sys.o(i.Stm32_Clock_Init) refers to stm32h7xx_hal_rcc.o(i.HAL_RCC_OscConfig) for HAL_RCC_OscConfig
    sys.o(i.Stm32_Clock_Init) refers to stm32h7xx_hal_rcc.o(i.HAL_RCC_ClockConfig) for HAL_RCC_ClockConfig
    sys.o(i.Stm32_Clock_Init) refers to stm32h7xx_hal.o(i.HAL_EnableCompensationCell) for HAL_EnableCompensationCell
    usart.o(i.HAL_UART_MspInit) refers to stm32h7xx_hal_gpio.o(i.HAL_GPIO_Init) for HAL_GPIO_Init
    usart.o(i.HAL_UART_MspInit) refers to stm32h7xx_hal_cortex.o(i.HAL_NVIC_EnableIRQ) for HAL_NVIC_EnableIRQ
    usart.o(i.HAL_UART_MspInit) refers to stm32h7xx_hal_cortex.o(i.HAL_NVIC_SetPriority) for HAL_NVIC_SetPriority
    usart.o(i.HAL_UART_RxCpltCallback) refers to usart.o(.data) for USART_RX_STA
    usart.o(i.HAL_UART_RxCpltCallback) refers to usart.o(.bss) for USART_RX_BUF
    usart.o(i.USART1_IRQHandler) refers to stm32h7xx_hal_uart.o(i.HAL_UART_IRQHandler) for HAL_UART_IRQHandler
    usart.o(i.USART1_IRQHandler) refers to stm32h7xx_hal_uart.o(i.HAL_UART_GetState) for HAL_UART_GetState
[...]
    i.SysTick_Handler                        0x08001758   Section        0  stm32h7xx_it.o(i.SysTick_Handler)
    i.SystemInit                             0x0800176c   Section        0  system_stm32h7xx.o(i.SystemInit)
    i.UART_DMAAbortOnError                   0x08001800   Section        0  stm32h7xx_hal_uart.o(i.UART_DMAAbortOnError)
    UART_DMAAbortOnError                     0x08001801   Thumb Code    24  stm32h7xx_hal_uart.o(i.UART_DMAAbortOnError)
    i.UART_EndTransmit_IT                    0x08001818   Section        0  stm32h7xx_hal_uart.o(i.UART_EndTransmit_IT)
    UART_EndTransmit_IT                      0x08001819   Thumb Code    32  stm32h7xx_hal_uart.o(i.UART_EndTransmit_IT)
    i.UART_Receive_IT                        0x08001838   Section        0  stm32h7xx_hal_uart.o(i.UART_Receive_IT)
    UART_Receive_IT                          0x08001839   Thumb Code   138  stm32h7xx_hal_uart.o(i.UART_Receive_IT)
    i.UART_Transmit_IT                       0x080018c2   Section        0  stm32h7xx_hal_uart.o(i.UART_Transmit_IT)
    UART_Transmit_IT                         0x080018c3   Thumb Code   130  stm32h7xx_hal_uart.o(i.UART_Transmit_IT)
    i.UART_WaitOnFlagUntilTimeout            0x08001944   Section        0  stm32h7xx_hal_uart.o(i.UART_WaitOnFlagUntilTimeout)
    i.__NVIC_GetPriorityGrouping             0x080019b0   Section        0  stm32h7xx_hal_cortex.o(i.__NVIC_GetPriorityGrouping)
    __NVIC_GetPriorityGrouping               0x080019b1   Thumb Code    10  stm32h7xx_hal_cortex.o(i.__NVIC_GetPriorityGrouping)
    i.__NVIC_SetPriority                     0x080019c0   Section        0  stm32h7xx_hal_cortex.o(i.__NVIC_SetPriority)
    __NVIC_SetPriority                       0x080019c1   Thumb Code    32  stm32h7xx_hal_cortex.o(i.__NVIC_SetPriority)
    i._sys_exit                              0x080019e8   Section        0  usart.o(i._sys_exit)
    i.led1_task                              0x080019ec   Section        0  main.o(i.led1_task)
    led1_task                                0x080019ed   Thumb Code    42  main.o(i.led1_task)
    i.led2_task                              0x08001a1c   Section        0  main.o(i.led2_task)
    led2_task                                0x08001a1d   Thumb Code    42  main.o(i.led2_task)
    i.main                                   0x08001a4c   Section        0  main.o(i.main)
    i.prvAddNewTaskToReadyList               0x08001ab4   Section        0  tasks.o(i.prvAddNewTaskToReadyList)
    prvAddNewTaskToReadyList                 0x08001ab5   Thumb Code   206  tasks.o(i.prvAddNewTaskToReadyList)
    i.prvCheckTasksWaitingTermination        0x08001ba0   Section        0  tasks.o(i.prvCheckTasksWaitingTermination)
    prvCheckTasksWaitingTermination          0x08001ba1   Thumb Code    60  tasks.o(i.prvCheckTasksWaitingTermination)
    i.prvCopyDataFromQueue                   0x08001be8   Section        0  queue.o(i.prvCopyDataFromQueue)
    prvCopyDataFromQueue                     0x08001be9   Thumb Code    42  queue.o(i.prvCopyDataFromQueue)
    i.prvDeleteTCB                           0x08001c12   Section        0  tasks.o(i.prvDeleteTCB)
    prvDeleteTCB                             0x08001c13   Thumb Code    18  tasks.o(i.prvDeleteTCB)
    i.prvIdleTask                            0x08001c24   Section        0  tasks.o(i.prvIdleTask)
    prvIdleTask                              0x08001c25   Thumb Code    32  tasks.o(i.prvIdleTask)
    i.prvInsertTimerInActiveList             0x08001c4c   Section        0  timers.o(i.prvInsertTimerInActiveList)
    prvInsertTimerInActiveList               0x08001c4d   Thumb Code    80  timers.o(i.prvInsertTimerInActiveList)
    i.prvNotifyQueueSetContainer             0x08001ca4   Section        0  queue.o(i.prvNotifyQueueSetContainer)
    prvNotifyQueueSetContainer               0x08001ca5   Thumb Code    88  queue.o(i.prvNotifyQueueSetContainer)
    i.prvProcessExpiredTimer                 0x08001cfc   Section        0  timers.o(i.prvProcessExpiredTimer)
    prvProcessExpiredTimer                   0x08001cfd   Thumb Code    62  timers.o(i.prvProcessExpiredTimer)
    i.prvProcessTimerOrBlockTask             0x08001d40   Section        0  timers.o(i.prvProcessTimerOrBlockTask)
    prvProcessTimerOrBlockTask               0x08001d41   Thumb Code   102  timers.o(i.prvProcessTimerOrBlockTask)
    i.prvReloadTimer                         0x08001db4   Section        0  timers.o(i.prvReloadTimer)
    prvReloadTimer                           0x08001db5   Thumb Code    40  timers.o(i.prvReloadTimer)
    i.prvResetNextTaskUnblockTime            0x08001ddc   Section        0  tasks.o(i.prvResetNextTaskUnblockTime)
    prvResetNextTaskUnblockTime              0x08001ddd   Thumb Code    40  tasks.o(i.prvResetNextTaskUnblockTime)
    i.prvSampleTimeNow                       0x08001e0c   Section        0  timers.o(i.prvSampleTimeNow)
    prvSampleTimeNow                         0x08001e0d   Thumb Code    40  timers.o(i.prvSampleTimeNow)
    i.prvTimerTask                           0x08001e38   Section        0  timers.o(i.prvTimerTask)
    prvTimerTask                             0x08001e39   Thumb Code    26  timers.o(i.prvTimerTask)
    i.pvPortMalloc                           0x08001e54   Section        0  heap_4.o(i.pvPortMalloc)
    i.vListInitialise                        0x08001f38   Section        0  list.o(i.vListInitialise)
    i.vListInsert                            0x08001f52   Section        0  list.o(i.vListInsert)
    i.vPortFree                              0x08001f88   Section        0  heap_4.o(i.vPortFree)
    i.vPortSetupTimerInterrupt               0x08001fd4   Section        0  port.o(i.vPortSetupTimerInterrupt)
    i.vQueueAddToRegistry                    0x08001ffc   Section        0  queue.o(i.vQueueAddToRegistry)
    i.vTaskMissedYield                       0x08002044   Section        0  tasks.o(i.vTaskMissedYield)
    i.vTaskStartScheduler                    0x08002050   Section        0  tasks.o(i.vTaskStartScheduler)
    i.xPortSysTickHandler                    0x080020cc   Section        0  port.o(i.xPortSysTickHandler)
    i.xQueueGenericCreate                    0x08002104   Section        0  queue.o(i.xQueueGenericCreate)
    i.xQueueGenericReset                     0x08002150   Section        0  queue.o(i.xQueueGenericReset)
    i.xTaskCreate                            0x080021f0   Section        0  tasks.o(i.xTaskCreate)
    i.xTaskGetSchedulerState                 0x08002258   Section        0  tasks.o(i.xTaskGetSchedulerState)
    i.xTaskRemoveFromEventList               0x08002278   Section        0  tasks.o(i.xTaskRemoveFromEventList)
    i.xTaskResumeAll                         0x08002380   Section        0  tasks.o(i.xTaskResumeAll)
    i.xTimerCreateTimerTask                  0x080024dc   Section        0  timers.o(i.xTimerCreateTimerTask)
    .ARM.Collect$$libinit$$00000000          0x08100000   Section        2  libinit.o(.ARM.Collect$$libinit$$00000000)
    .ARM.Collect$$libinit$$00000001          0x08100002   Section        4  libinit2.o(.ARM.Collect$$libinit$$00000001)
    .ARM.Collect$$libinit$$00000004          0x08100006   Section        0  libinit2.o(.ARM.Collect$$libinit$$00000004)
    .ARM.Collect$$libinit$$0000000A          0x08100006   Section        0  libinit2.o(.ARM.Collect$$libinit$$0000000A)
    .ARM.Collect$$libinit$$0000000C          0x08100006   Section        0  libinit2.o(.ARM.Collect$$libinit$$0000000C)
    .ARM.Collect$$libinit$$0000000E          0x08100006   Section        0  libinit2.o(.ARM.Collect$$libinit$$0000000E)
    .ARM.Collect$$libinit$$00000011          0x08100006   Section        0  libinit2.o(.ARM.Collect$$libinit$$00000011)
    .ARM.Collect$$libinit$$00000013          0x08100006   Section        0  libinit2.o(.ARM.Collect$$libinit$$00000013)
    .ARM.Collect$$libinit$$00000015          0x08100006   Section        0  libinit2.o(.ARM.Collect$$libinit$$00000015)
    .ARM.Collect$$libinit$$00000017          0x08100006   Section        0  libinit2.o(.ARM.Collect$$libinit$$00000017)
    .ARM.Collect$$libinit$$00000019          0x08100006   Section        0  libinit2.o(.ARM.Collect$$libinit$$00000019)
    .ARM.Collect$$libinit$$0000001B          0x08100006   Section        0  libinit2.o(.ARM.Collect$$libinit$$0000001B)
    .ARM.Collect$$libinit$$0000001D          0x08100006   Section        0  libinit2.o(.ARM.Collect$$libinit$$0000001D)
    .ARM.Collect$$libinit$$0000001F          0x08100006   Section        0  libinit2.o(.ARM.Collect$$libinit$$0000001F)
    .ARM.Collect$$libinit$$00000021          0x08100006   Section        0  libinit2.o(.ARM.Collect$$libinit$$00000021)
    .ARM.Collect$$libinit$$00000023          0x08100006   Section        0  libinit2.o(.ARM.Collect$$libinit$$00000023)
    .ARM.Collect$$libinit$$00000025          0x08100006   Section        0  libinit2.o(.ARM.Collect$$libinit$$00000025)
    .ARM.Collect$$libinit$$0000002C          0x08100006   Section        0  libinit2.o(.ARM.Collect$$libinit$$0000002C)
    .ARM.Collect$$libinit$$0000002E          0x08100006   Section        0  libinit2.o(.ARM.Collect$$libinit$$0000002E)
    .ARM.Collect$$libinit$$00000030          0x08100006   Section        0  libinit2.o(.ARM.Collect$$libinit$$00000030)
    .ARM.Collect$$libinit$$00000032          0x08100006   Section        0  libinit2.o(.ARM.Collect$$libinit$$00000032)
    .ARM.Collect$$libinit$$00000033          0x08100006   Section        2  libinit2.o(.ARM.Collect$$libinit$$00000033)
    .ARM.Collect$$libshutdown$$00000000      0x08100008   Section        2  libshutdown.o(.ARM.Collect$$libshutdown$$00000000)
    .ARM.Collect$$libshutdown$$00000002      0x0810000a   Section        0  libshutdown2.o(.ARM.Collect$$libshutdown$$00000002)
    .ARM.Collect$$libshutdown$$00000004      0x0810000a   Section        0  libshutdown2.o(.ARM.Collect$$libshutdown$$00000004)
    .ARM.Collect$$libshutdown$$00000007      0x0810000a   Section        0  libshutdown2.o(.ARM.Collect$$libshutdown$$00000007)
    .ARM.Collect$$libshutdown$$0000000A      0x0810000a   Section        0  libshutdown2.o(.ARM.Collect$$libshutdown$$0000000A)
    .ARM.Collect$$libshutdown$$0000000C      0x0810000a   Section        0  libshutdown2.o(.ARM.Collect$$libshutdown$$0000000C)
    .ARM.Collect$$libshutdown$$0000000F      0x0810000a   Section        0  libshutdown2.o(.ARM.Collect$$libshutdown$$0000000F)
    .ARM.Collect$$libshutdown$$00000010      0x0810000a   Section        2  libshutdown2.o(.ARM.Collect$$libshutdown$$00000010)
    .ARM.Collect$$rtexit$$00000000           0x0810000c   Section        2  rtexit.o(.ARM.Collect$$rtexit$$00000000)
    .ARM.Collect$$rtexit$$00000002           0x0810000e   Section        0  rtexit2.o(.ARM.Collect$$rtexit$$00000002)
    .ARM.Collect$$rtexit$$00000003           0x0810000e   Section        4  rtexit2.o(.ARM.Collect$$rtexit$$00000003)
    .ARM.Collect$$rtexit$$00000004           0x08100012   Section        6  rtexit2.o(.ARM.Collect$$rtexit$$00000004)
    .text                                    0x08100018   Section       64  startup_stm32h743xx.o(.text)
    $v0                                      0x08100018   Number         0  startup_stm32h743xx.o(.text)
    .text                                    0x08100058   Section      138  rt_memcpy_v6.o(.text)
    .text                                    0x081000e2   Section       78  rt_memclr_w.o(.text)
    .text                                    0x08100130   Section       74  sys_stackheap_outer.o(.text)
    .text                                    0x0810017a   Section        0  exit.o(.text)
    .text                                    0x0810018c   Section        8  libspace.o(.text)
    i.HAL_DMA_Abort_IT                       0x08100198   Section        0  stm32h7xx_hal_dma.o(i.HAL_DMA_Abort_IT)
    i.HAL_GPIO_Init                          0x08100290   Section        0  stm32h7xx_hal_gpio.o(i.HAL_GPIO_Init)
    i.HAL_GetTick                            0x081004dc   Section        0  stm32h7xx_hal.o(i.HAL_GetTick)
    i.HAL_Init                               0x081004e8   Section        0  stm32h7xx_hal.o(i.HAL_Init)
    i.HAL_NVIC_EnableIRQ                     0x08100504   Section        0  stm32h7xx_hal_cortex.o(i.HAL_NVIC_EnableIRQ)
    i.HAL_NVIC_SetPriority                   0x08100524   Section        0  stm32h7xx_hal_cortex.o(i.HAL_NVIC_SetPriority)
    i.HAL_RCCEx_GetD1SysClockFreq            0x081005a0   Section        0  stm32h7xx_hal_rcc_ex.o(i.HAL_RCCEx_GetD1SysClockFreq)
    i.HAL_RCCEx_GetD3PCLK1Freq               0x081005d8   Section        0  stm32h7xx_hal_rcc_ex.o(i.HAL_RCCEx_GetD3PCLK1Freq)
    i.HAL_RCCEx_GetPLL2ClockFreq             0x08100604   Section        0  stm32h7xx_hal_rcc_ex.o(i.HAL_RCCEx_GetPLL2ClockFreq)
    i.HAL_RCC_GetPCLK1Freq                   0x08100830   Section        0  stm32h7xx_hal_rcc.o(i.HAL_RCC_GetPCLK1Freq)
    i.HAL_SYSTICK_CLKSourceConfig            0x0810085c   Section        0  stm32h7xx_hal_cortex.o(i.HAL_SYSTICK_CLKSourceConfig)
    i.HAL_SYSTICK_Config                     0x08100884   Section        0  stm32h7xx_hal_cortex.o(i.HAL_SYSTICK_Config)
    i.HAL_UART_GetState                      0x081008b8   Section        0  stm32h7xx_hal_uart.o(i.HAL_UART_GetState)
    i.HAL_UART_IRQHandler                    0x081008cc   Section        0  stm32h7xx_hal_uart.o(i.HAL_UART_IRQHandler)
    i.HAL_UART_MspInit                       0x08100a88   Section        0  usart.o(i.HAL_UART_MspInit)
    i.HAL_UART_Receive_IT                    0x08100b20   Section        0  stm32h7xx_hal_uart.o(i.HAL_UART_Receive_IT)
    i.HAL_UART_TxCpltCallback                0x08100c00   Section        0  stm32h7xx_hal_uart.o(i.HAL_UART_TxCpltCallback)
    i.SCB_EnableICache                       0x08100c04   Section        0  sys.o(i.SCB_EnableICache)
    SCB_EnableICache                         0x08100c05   Thumb Code   116  sys.o(i.SCB_EnableICache)
    i.UART_AdvFeatureConfig                  0x08100c80   Section        0  stm32h7xx_hal_uart.o(i.UART_AdvFeatureConfig)
    i.UART_CheckIdleState                    0x08100d6a   Section        0  stm32h7xx_hal_uart.o(i.UART_CheckIdleState)
    i.UART_EndRxTransfer                     0x08100dde   Section        0  stm32h7xx_hal_uart.o(i.UART_EndRxTransfer)
    UART_EndRxTransfer                       0x08100ddf   Thumb Code    32  stm32h7xx_hal_uart.o(i.UART_EndRxTransfer)
    i.UART_SetConfig                         0x08100e00   Section        0  stm32h7xx_hal_uart.o(i.UART_SetConfig)
    i.USART1_IRQHandler                      0x081017a4   Section        0  usart.o(i.USART1_IRQHandler)
    i.UsageFault_Handler                     0x081017f4   Section        0  stm32h7xx_it.o(i.UsageFault_Handler)
    i.delay_init                             0x081017f8   Section        0  delay.o(i.delay_init)
    i.prvAddCurrentTaskToDelayedList         0x0810180c   Section        0  tasks.o(i.prvAddCurrentTaskToDelayedList)
    prvAddCurrentTaskToDelayedList           0x0810180d   Thumb Code   164  tasks.o(i.prvAddCurrentTaskToDelayedList)
    i.prvCheckForValidListAndQueue           0x081018cc   Section        0  timers.o(i.prvCheckForValidListAndQueue)
    prvCheckForValidListAndQueue             0x081018cd   Thumb Code    72  timers.o(i.prvCheckForValidListAndQueue)
    i.prvCopyDataToQueue                     0x08101930   Section        0  queue.o(i.prvCopyDataToQueue)
    prvCopyDataToQueue                       0x08101931   Thumb Code   126  queue.o(i.prvCopyDataToQueue)
    i.prvGetNextExpireTime                   0x081019b0   Section        0  timers.o(i.prvGetNextExpireTime)
    prvGetNextExpireTime                     0x081019b1   Thumb Code    36  timers.o(i.prvGetNextExpireTime)
    i.prvHeapInit                            0x081019d8   Section        0  heap_4.o(i.prvHeapInit)
    prvHeapInit                              0x081019d9   Thumb Code    90  heap_4.o(i.prvHeapInit)
    i.prvInitialiseNewQueue                  0x08101a48   Section        0  queue.o(i.prvInitialiseNewQueue)
    prvInitialiseNewQueue                    0x08101a49   Thumb Code    46  queue.o(i.prvInitialiseNewQueue)
    i.prvInitialiseNewTask                   0x08101a76   Section        0  tasks.o(i.prvInitialiseNewTask)
    prvInitialiseNewTask                     0x08101a77   Thumb Code   134  tasks.o(i.prvInitialiseNewTask)
    i.prvInitialiseTaskLists                 0x08101afc   Section        0  tasks.o(i.prvInitialiseTaskLists)
    prvInitialiseTaskLists                   0x08101afd   Thumb Code    70  tasks.o(i.prvInitialiseTaskLists)
    i.prvInsertBlockIntoFreeList             0x08101b64   Section        0  heap_4.o(i.prvInsertBlockIntoFreeList)
    prvInsertBlockIntoFreeList               0x08101b65   Thumb Code    96  heap_4.o(i.prvInsertBlockIntoFreeList)
    i.prvIsQueueEmpty                        0x08101bcc   Section        0  queue.o(i.prvIsQueueEmpty)
    prvIsQueueEmpty                          0x08101bcd   Thumb Code    26  queue.o(i.prvIsQueueEmpty)
    i.prvProcessReceivedCommands             0x08101be8   Section        0  timers.o(i.prvProcessReceivedCommands)
    prvProcessReceivedCommands               0x08101be9   Thumb Code   268  timers.o(i.prvProcessReceivedCommands)
    i.prvSwitchTimerLists                    0x08101cf8   Section        0  timers.o(i.prvSwitchTimerLists)
    prvSwitchTimerLists                      0x08101cf9   Thumb Code    58  timers.o(i.prvSwitchTimerLists)
    i.prvTaskExitError                       0x08101d3c   Section        0  port.o(i.prvTaskExitError)
    prvTaskExitError                         0x08101d3d   Thumb Code    26  port.o(i.prvTaskExitError)
    i.prvUnlockQueue                         0x08101d56   Section        0  queue.o(i.prvUnlockQueue)
    prvUnlockQueue                           0x08101d57   Thumb Code   144  queue.o(i.prvUnlockQueue)
    i.pxPortInitialiseStack                  0x08101de8   Section        0  port.o(i.pxPortInitialiseStack)
    i.uart_init                              0x08101e14   Section        0  usart.o(i.uart_init)
    i.uxListRemove                           0x08101e4c   Section        0  list.o(i.uxListRemove)
    i.uxTaskGetNumberOfTasks                 0x08101e74   Section        0  tasks.o(i.uxTaskGetNumberOfTasks)
    i.vListInitialiseItem                    0x08101e80   Section        0  list.o(i.vListInitialiseItem)
    i.vPortEnterCritical                     0x08101e88   Section        0  port.o(i.vPortEnterCritical)
    i.vPortExitCritical                      0x08101eb0   Section        0  port.o(i.vPortExitCritical)
    i.vQueueWaitForMessageRestricted         0x08101ed0   Section        0  queue.o(i.vQueueWaitForMessageRestricted)
    i.vTaskDelay                             0x08101f1c   Section        0  tasks.o(i.vTaskDelay)
    i.vTaskInternalSetTimeOutState           0x08101f50   Section        0  tasks.o(i.vTaskInternalSetTimeOutState)
    i.vTaskPlaceOnEventList                  0x08101f68   Section        0  tasks.o(i.vTaskPlaceOnEventList)
    i.vTaskPlaceOnEventListRestricted        0x08101f88   Section        0  tasks.o(i.vTaskPlaceOnEventListRestricted)
    i.vTaskSuspendAll                        0x08101fd4   Section        0  tasks.o(i.vTaskSuspendAll)
    i.vTaskSwitchContext                     0x08101fe4   Section        0  tasks.o(i.vTaskSwitchContext)
    i.xPortStartScheduler                    0x08102044   Section        0  port.o(i.xPortStartScheduler)
    i.xQueueReceive                          0x0810208c   Section        0  queue.o(i.xQueueReceive)
    i.xTaskCheckForTimeOut                   0x08102190   Section        0  tasks.o(i.xTaskCheckForTimeOut)
    i.xTaskGetTickCount                      0x081021f0   Section        0  tasks.o(i.xTaskGetTickCount)
    i.xTaskIncrementTick                     0x081021fc   Section        0  tasks.o(i.xTaskIncrementTick)
    i.xTaskPriorityDisinherit                0x0810238c   Section        0  tasks.o(i.xTaskPriorityDisinherit)
    x$fpl$fpinit                             0x08102438   Section       10  fpinit.o(x$fpl$fpinit)
    $v0                                      0x08102438   Number         0  fpinit.o(x$fpl$fpinit)
    .constdata                               0x08102442   Section       64  system_stm32h7xx.o(.constdata)
    UARTPrescTable                           0x08102442   Data          24  system_stm32h7xx.o(.constdata)
    USARTPrescTable                          0x0810245a   Data          24  system_stm32h7xx.o(.constdata)
    .constdata                               0x08102482   Section       48  stm32h7xx_hal_uart.o(.constdata)
    UARTPrescTable                           0x08102482   Data          24  stm32h7xx_hal_uart.o(.constdata)
    USARTPrescTable                          0x0810249a   Data          24  stm32h7xx_hal_uart.o(.constdata)
    .data                                    0x24000000   Section        8  system_stm32h7xx.o(.data)
    .data                                    0x24000008   Section        4  delay.o(.data)
    fac_us                                   0x24000008   Data           4  delay.o(.data)
    .data                                    0x2400000c   Section        7  usart.o(.data)
    .data                                    0x24000014   Section        9  stm32h7xx_hal.o(.data)
    uwTick                                   0x24000014   Data           4  stm32h7xx_hal.o(.data)
    uwTickPrio                               0x24000018   Data           4  stm32h7xx_hal.o(.data)
    uwTickFreq                               0x2400001c   Data           1  stm32h7xx_hal.o(.data)
    .data                                    0x24000020   Section       64  tasks.o(.data)
    pxDelayedTaskList                        0x24000024   Data           4  tasks.o(.data)
    pxOverflowDelayedTaskList                0x24000028   Data           4  tasks.o(.data)
    uxDeletedTasksWaitingCleanUp             0x2400002c   Data           4  tasks.o(.data)
    uxCurrentNumberOfTasks                   0x24000030   Data           4  tasks.o(.data)
    xTickCount                               0x24000034   Data           4  tasks.o(.data)
    uxTopReadyPriority                       0x24000038   Data           4  tasks.o(.data)
    xSchedulerRunning                        0x2400003c   Data           4  tasks.o(.data)
    xPendedTicks                             0x24000040   Data           4  tasks.o(.data)
    xYieldPending                            0x24000044   Data           4  tasks.o(.data)
    xNumOfOverflows                          0x24000048   Data           4  tasks.o(.data)
    uxTaskNumber                             0x2400004c   Data           4  tasks.o(.data)
    xNextTaskUnblockTime                     0x24000050   Data           4  tasks.o(.data)
    xIdleTaskHandle                          0x24000054   Data           4  tasks.o(.data)
    uxSchedulerSuspended                     0x2400005c   Data           4  tasks.o(.data)
    .data                                    0x24000060   Section       20  timers.o(.data)
    pxCurrentTimerList                       0x24000060   Data           4  timers.o(.data)
    pxOverflowTimerList                      0x24000064   Data           4  timers.o(.data)
    xTimerQueue                              0x24000068   Data           4  timers.o(.data)
    xTimerTaskHandle                         0x2400006c   Data           4  timers.o(.data)
    xLastTime                                0x24000070   Data           4  timers.o(.data)
    .data                                    0x24000074   Section       28  heap_4.o(.data)
    xStart                                   0x24000074   Data           8  heap_4.o(.data)
    pxEnd                                    0x2400007c   Data           4  heap_4.o(.data)
    xFreeBytesRemaining                      0x24000080   Data           4  heap_4.o(.data)
    xMinimumEverFreeBytesRemaining           0x24000084   Data           4  heap_4.o(.data)
    xNumberOfSuccessfulAllocations           0x24000088   Data           4  heap_4.o(.data)
    xNumberOfSuccessfulFrees                 0x2400008c   Data           4  heap_4.o(.data)
    .data                                    0x24000090   Section        4  port.o(.data)
    uxCriticalNesting                        0x24000090   Data           4  port.o(.data)
    .bss                                     0x24000094   Section      328  usart.o(.bss)
    .bss                                     0x240001dc   Section       64  queue.o(.bss)
    .bss                                     0x2400021c   Section      200  tasks.o(.bss)
    pxReadyTasksLists                        0x2400021c   Data         100  tasks.o(.bss)
    xDelayedTaskList1                        0x24000280   Data          20  tasks.o(.bss)
    xDelayedTaskList2                        0x24000294   Data          20  tasks.o(.bss)
    xPendingReadyList                        0x240002a8   Data          20  tasks.o(.bss)
    xTasksWaitingTermination                 0x240002bc   Data          20  tasks.o(.bss)
    xSuspendedTaskList                       0x240002d0   Data          20  tasks.o(.bss)
    .bss                                     0x240002e4   Section       40  timers.o(.bss)
    xActiveTimerList1                        0x240002e4   Data          20  timers.o(.bss)
    xActiveTimerList2                        0x240002f8   Data          20  timers.o(.bss)
    .bss                                     0x2400030c   Section    47104  heap_4.o(.bss)
    ucHeap                                   0x2400030c   Data       47104  heap_4.o(.bss)
    .bss                                     0x2400bb0c   Section       96  libspace.o(.bss)
    HEAP                                     0x2400bb70   Section      512  startup_stm32h743xx.o(HEAP)
    Heap_Mem                                 0x2400bb70   Data         512  startup_stm32h743xx.o(HEAP)
    STACK                                    0x2400bd70   Section     1024  startup_stm32h743xx.o(STACK)
    Stack_Mem                                0x2400bd70   Data        1024  startup_stm32h743xx.o(STACK)
    __initial_sp                             0x2400c170   Data           0  startup_stm32h743xx.o(STACK)

    Global Symbols

    Symbol Name                              Value     Ov Type        Size  Object(Section)

    BuildAttributes$$THM_ISAv4$E$P$D$K$B$S$7EM$VFPv5_D16$PE$PLD8$A:L22UL41UL21$X:L11$S22US41US21$IEEE1$IW$USESV6$~STKCKD$USESV7$~SHL$OSPACE$ROPI$EBA8$UX$STANDARDLIB$REQ8$PRES8$EABIv2 0x00000000   Number         0  anon$$obj.o ABSOLUTE
    __ARM_use_no_argv                        0x00000000   Number         0  main.o ABSOLUTE
    __ARM_exceptions_init                     - Undefined Weak Reference
    __alloca_initialize                       - Undefined Weak Reference
    __arm_preinit_                            - Undefined Weak Reference
    __cpp_initialize__aeabi_                  - Undefined Weak Reference
    __cxa_finalize                            - Undefined Weak Reference
    __rt_locale                               - Undefined Weak Reference
    __sigvec_lookup                           - Undefined Weak Reference
    _atexit_init                              - Undefined Weak Reference
    _call_atexit_fns                          - Undefined Weak Reference
    _clock_init                               - Undefined Weak Reference
    _fp_trap_init                             - Undefined Weak Reference
    _fp_trap_shutdown                         - Undefined Weak Reference
    _get_lc_collate                           - Undefined Weak Reference
    _get_lc_ctype                             - Undefined Weak Reference
    _get_lc_monetary                          - Undefined Weak Reference
    _get_lc_numeric                           - Undefined Weak Reference
    _get_lc_time                              - Undefined Weak Reference
    _getenv_init                              - Undefined Weak Reference
    _handle_redirection                       - Undefined Weak Reference
    _init_alloc                               - Undefined Weak Reference
    _init_user_alloc                          - Undefined Weak Reference
    _initio                                   - Undefined Weak Reference
    _printf_mbtowc                            - Undefined Weak Reference
    _printf_post_padding                      - Undefined Weak Reference
    _printf_pre_padding                       - Undefined Weak Reference
    _printf_truncate_signed                   - Undefined Weak Reference
    _printf_truncate_unsigned                 - Undefined Weak Reference
    _rand_init                                - Undefined Weak Reference
    _signal_finish                            - Undefined Weak Reference
    _signal_init                              - Undefined Weak Reference
    _terminate_alloc                          - Undefined Weak Reference
    _terminate_user_alloc                     - Undefined Weak Reference
    _terminateio                              - Undefined Weak Reference
    __Vectors_Size                           0x00000298   Number         0  startup_stm32h743xx.o ABSOLUTE
    __Vectors                                0x08000000   Data           4  startup_stm32h743xx.o(RESET)
    __Vectors_End                            0x08000298   Data           0  startup_stm32h743xx.o(RESET)
    __main                                   0x08000299   Thumb Code     8  __main.o(!!!main)
    __scatterload                            0x080002a1   Thumb Code     0  __scatter.o(!!!scatter)
    __scatterload_rt2                        0x080002a1   Thumb Code    44  __scatter.o(!!!scatter)
    __scatterload_rt2_thumb_only             0x080002a1   Thumb Code     0  __scatter.o(!!!scatter)
    __scatterload_null                       0x080002af   Thumb Code     0  __scatter.o(!!!scatter)
    __scatterload_copy                       0x080002d5   Thumb Code    26  __scatter_copy.o(!!handler_copy)
    __scatterload_zeroinit                   0x080002f1   Thumb Code    28  __scatter_zi.o(!!handler_zi)
    __rt_entry                               0x0800030d   Thumb Code     0  __rtentry.o(.ARM.Collect$$rtentry$$00000000)
    __rt_entry_presh_1                       0x0800030d   Thumb Code     0  __rtentry2.o(.ARM.Collect$$rtentry$$00000002)
    __rt_entry_sh                            0x0800030d   Thumb Code     0  __rtentry4.o(.ARM.Collect$$rtentry$$00000004)
    __rt_entry_li                            0x08000313   Thumb Code     0  __rtentry2.o(.ARM.Collect$$rtentry$$0000000A)
    __rt_entry_postsh_1                      0x08000313   Thumb Code     0  __rtentry2.o(.ARM.Collect$$rtentry$$00000009)
    __rt_entry_main                          0x08000317   Thumb Code     0  __rtentry2.o(.ARM.Collect$$rtentry$$0000000D)
    __rt_entry_postli_1                      0x08000317   Thumb Code     0  __rtentry2.o(.ARM.Collect$$rtentry$$0000000C)
    SVC_Handler                              0x08000321   Thumb Code    28  port.o(.emb_text)
    __asm___6_port_c_39a90d8d__prvStartFirstTask 0x08000341   Thumb Code    36  port.o(.emb_text)
    __asm___6_port_c_39a90d8d__prvEnableVFP  0x08000369   Thumb Code    16  port.o(.emb_text)
    PendSV_Handler                           0x0800037d   Thumb Code    92  port.o(.emb_text)
    vPortGetIPSR                             0x080003dd   Thumb Code     6  port.o(.emb_text)
    __aeabi_uldivmod                         0x080003e3   Thumb Code     0  lludivv7m.o(.text)
    _ll_udiv                                 0x080003e3   Thumb Code   238  lludivv7m.o(.text)
    __aeabi_memset                           0x080004d1   Thumb Code    16  aeabi_memset.o(.text)
    __aeabi_memclr                           0x080004e1   Thumb Code     0  rt_memclr.o(.text)
    __rt_memclr                              0x080004e1   Thumb Code    68  rt_memclr.o(.text)
    _memset                                  0x080004e5   Thumb Code     0  rt_memclr.o(.text)
    __use_two_region_memory                  0x08000525   Thumb Code     2  heapauxi.o(.text)
    __rt_heap_escrow$2region                 0x08000527   Thumb Code     2  heapauxi.o(.text)
    __rt_heap_expand$2region                 0x08000529   Thumb Code     2  heapauxi.o(.text)
    __aeabi_memcpy4                          0x0800052b   Thumb Code     0  rt_memcpy_w.o(.text)
    __aeabi_memcpy8                          0x0800052b   Thumb Code     0  rt_memcpy_w.o(.text)
    __rt_memcpy_w                            0x0800052b   Thumb Code   100  rt_memcpy_w.o(.text)
    _memcpy_lastbytes_aligned                0x08000573   Thumb Code     0  rt_memcpy_w.o(.text)
    Short Thumb to Thumb Veneer to _memset_w 0x08000591   Thumb Code     4  anon$$obj.o(Veneer$$Code)
    BusFault_Handler                         0x08000595   Thumb Code     4  stm32h7xx_it.o(i.BusFault_Handler)
    Cache_Enable                             0x08000599   Thumb Code    24  sys.o(i.Cache_Enable)
    DebugMon_Handler                         0x080005b5   Thumb Code     2  stm32h7xx_it.o(i.DebugMon_Handler)
    HAL_EnableCompensationCell               0x080005b9   Thumb Code    14  stm32h7xx_hal.o(i.HAL_EnableCompensationCell)
    HAL_GPIO_WritePin                        0x080005cd   Thumb Code    10  stm32h7xx_hal_gpio.o(i.HAL_GPIO_WritePin)
    HAL_IncTick                              0x080005d9   Thumb Code    16  stm32h7xx_hal.o(i.HAL_IncTick)
    HAL_InitTick                             0x080005f1   Thumb Code    64  stm32h7xx_hal.o(i.HAL_InitTick)
    HAL_MspInit                              0x0800063d   Thumb Code     2  stm32h7xx_hal_msp.o(i.HAL_MspInit)
    HAL_NVIC_SetPriorityGrouping             0x08000641   Thumb Code    32  stm32h7xx_hal_cortex.o(i.HAL_NVIC_SetPriorityGrouping)
    HAL_RCCEx_GetPLL3ClockFreq               0x08000669   Thumb Code   532  stm32h7xx_hal_rcc_ex.o(i.HAL_RCCEx_GetPLL3ClockFreq)
    HAL_RCC_ClockConfig                      0x08000895   Thumb Code   574  stm32h7xx_hal_rcc.o(i.HAL_RCC_ClockConfig)
    HAL_RCC_GetHCLKFreq                      0x08000ae5   Thumb Code    42  stm32h7xx_hal_rcc.o(i.HAL_RCC_GetHCLKFreq)
    HAL_RCC_GetPCLK2Freq                     0x08000b1d   Thumb Code    36  stm32h7xx_hal_rcc.o(i.HAL_RCC_GetPCLK2Freq)
    HAL_RCC_GetSysClockFreq                  0x08000b49   Thumb Code   556  stm32h7xx_hal_rcc.o(i.HAL_RCC_GetSysClockFreq)
    HAL_RCC_OscConfig                        0x08000d8d   Thumb Code  1724  stm32h7xx_hal_rcc.o(i.HAL_RCC_OscConfig)
    HAL_UARTEx_WakeupCallback                0x08001451   Thumb Code     2  stm32h7xx_hal_uart_ex.o(i.HAL_UARTEx_WakeupCallback)
    HAL_UART_ErrorCallback                   0x08001453   Thumb Code     2  stm32h7xx_hal_uart.o(i.HAL_UART_ErrorCallback)
    HAL_UART_Init                            0x08001455   Thumb Code   120  stm32h7xx_hal_uart.o(i.HAL_UART_Init)
    HAL_UART_RxCpltCallback                  0x080014cd   Thumb Code   120  usart.o(i.HAL_UART_RxCpltCallback)
    HardFault_Handler                        0x08001555   Thumb Code     4  stm32h7xx_it.o(i.HardFault_Handler)
    LED_Init                                 0x08001559   Thumb Code    90  led.o(i.LED_Init)
    MemManage_Handler                        0x080015bd   Thumb Code     4  stm32h7xx_it.o(i.MemManage_Handler)
    NMI_Handler                              0x080015c1   Thumb Code     2  stm32h7xx_it.o(i.NMI_Handler)
    Stm32_Clock_Init                         0x08001661   Thumb Code   238  sys.o(i.Stm32_Clock_Init)
    SysTick_Handler                          0x08001759   Thumb Code    20  stm32h7xx_it.o(i.SysTick_Handler)
    SystemInit                               0x0800176d   Thumb Code   130  system_stm32h7xx.o(i.SystemInit)
    UART_WaitOnFlagUntilTimeout              0x08001945   Thumb Code   108  stm32h7xx_hal_uart.o(i.UART_WaitOnFlagUntilTimeout)
    _sys_exit                                0x080019e9   Thumb Code     4  usart.o(i._sys_exit)
    main                                     0x08001a4d   Thumb Code    90  main.o(i.main)
    pvPortMalloc                             0x08001e55   Thumb Code   208  heap_4.o(i.pvPortMalloc)
    vListInitialise                          0x08001f39   Thumb Code    26  list.o(i.vListInitialise)
    vListInsert                              0x08001f53   Thumb Code    52  list.o(i.vListInsert)
    vPortFree                                0x08001f89   Thumb Code    68  heap_4.o(i.vPortFree)
    vPortSetupTimerInterrupt                 0x08001fd5   Thumb Code    36  port.o(i.vPortSetupTimerInterrupt)
    vQueueAddToRegistry                      0x08001ffd   Thumb Code    66  queue.o(i.vQueueAddToRegistry)
    vTaskMissedYield                         0x08002045   Thumb Code     8  tasks.o(i.vTaskMissedYield)
    vTaskStartScheduler                      0x08002051   Thumb Code    90  tasks.o(i.vTaskStartScheduler)
    xPortSysTickHandler                      0x080020cd   Thumb Code    50  port.o(i.xPortSysTickHandler)
    xQueueGenericCreate                      0x08002105   Thumb Code    76  queue.o(i.xQueueGenericCreate)
    xQueueGenericReset                       0x08002151   Thumb Code   156  queue.o(i.xQueueGenericReset)
    xTaskCreate                              0x080021f1   Thumb Code   104  tasks.o(i.xTaskCreate)
    xTaskGetSchedulerState                   0x08002259   Thumb Code    24  tasks.o(i.xTaskGetSchedulerState)
    xTaskRemoveFromEventList                 0x08002279   Thumb Code   240  tasks.o(i.xTaskRemoveFromEventList)
    xTaskResumeAll                           0x08002381   Thumb Code   310  tasks.o(i.xTaskResumeAll)
    xTimerCreateTimerTask                    0x080024dd   Thumb Code    42  timers.o(i.xTimerCreateTimerTask)
    Region$$Table$$Base                      0x0800251c   Number         0  anon$$obj.o(Region$$Table)
    Region$$Table$$Limit                     0x0800253c   Number         0  anon$$obj.o(Region$$Table)
    __rt_lib_init                            0x08100001   Thumb Code     0  libinit.o(.ARM.Collect$$libinit$$00000000)
    __rt_lib_init_fp_1                       0x08100003   Thumb Code     0  libinit2.o(.ARM.Collect$$libinit$$00000001)
    __rt_lib_init_alloca_1                   0x08100007   Thumb Code     0  libinit2.o(.ARM.Collect$$libinit$$0000002E)
    __rt_lib_init_argv_1                     0x08100007   Thumb Code     0  libinit2.o(.ARM.Collect$$libinit$$0000002C)
    __rt_lib_init_atexit_1                   0x08100007   Thumb Code     0  libinit2.o(.ARM.Collect$$libinit$$0000001B)
    __rt_lib_init_clock_1                    0x08100007   Thumb Code     0  libinit2.o(.ARM.Collect$$libinit$$00000021)
    __rt_lib_init_cpp_1                      0x08100007   Thumb Code     0  libinit2.o(.ARM.Collect$$libinit$$00000032)
    __rt_lib_init_exceptions_1               0x08100007   Thumb Code     0  libinit2.o(.ARM.Collect$$libinit$$00000030)
    __rt_lib_init_fp_trap_1                  0x08100007   Thumb Code     0  libinit2.o(.ARM.Collect$$libinit$$0000001F)
    __rt_lib_init_getenv_1                   0x08100007   Thumb Code     0  libinit2.o(.ARM.Collect$$libinit$$00000023)
    __rt_lib_init_heap_1                     0x08100007   Thumb Code     0  libinit2.o(.ARM.Collect$$libinit$$0000000A)
    __rt_lib_init_lc_collate_1               0x08100007   Thumb Code     0  libinit2.o(.ARM.Collect$$libinit$$00000011)
    __rt_lib_init_lc_ctype_1                 0x08100007   Thumb Code     0  libinit2.o(.ARM.Collect$$libinit$$00000013)
    __rt_lib_init_lc_monetary_1              0x08100007   Thumb Code     0  libinit2.o(.ARM.Collect$$libinit$$00000015)
    __rt_lib_init_lc_numeric_1               0x08100007   Thumb Code     0  libinit2.o(.ARM.Collect$$libinit$$00000017)
    __rt_lib_init_lc_time_1                  0x08100007   Thumb Code     0  libinit2.o(.ARM.Collect$$libinit$$00000019)
    __rt_lib_init_preinit_1                  0x08100007   Thumb Code     0  libinit2.o(.ARM.Collect$$libinit$$00000004)
    __rt_lib_init_rand_1                     0x08100007   Thumb Code     0  libinit2.o(.ARM.Collect$$libinit$$0000000E)
    __rt_lib_init_return                     0x08100007   Thumb Code     0  libinit2.o(.ARM.Collect$$libinit$$00000033)
    __rt_lib_init_signal_1                   0x08100007   Thumb Code     0  libinit2.o(.ARM.Collect$$libinit$$0000001D)
    __rt_lib_init_stdio_1                    0x08100007   Thumb Code     0  libinit2.o(.ARM.Collect$$libinit$$00000025)
    __rt_lib_init_user_alloc_1               0x08100007   Thumb Code     0  libinit2.o(.ARM.Collect$$libinit$$0000000C)
    __rt_lib_shutdown                        0x08100009   Thumb Code     0  libshutdown.o(.ARM.Collect$$libshutdown$$00000000)
    __rt_lib_shutdown_cpp_1                  0x0810000b   Thumb Code     0  libshutdown2.o(.ARM.Collect$$libshutdown$$00000002)
    __rt_lib_shutdown_fp_trap_1              0x0810000b   Thumb Code     0  libshutdown2.o(.ARM.Collect$$libshutdown$$00000007)
    __rt_lib_shutdown_heap_1                 0x0810000b   Thumb Code     0  libshutdown2.o(.ARM.Collect$$libshutdown$$0000000F)
    __rt_lib_shutdown_return                 0x0810000b   Thumb Code     0  libshutdown2.o(.ARM.Collect$$libshutdown$$00000010)
    __rt_lib_shutdown_signal_1               0x0810000b   Thumb Code     0  libshutdown2.o(.ARM.Collect$$libshutdown$$0000000A)
    __rt_lib_shutdown_stdio_1                0x0810000b   Thumb Code     0  libshutdown2.o(.ARM.Collect$$libshutdown$$00000004)
    __rt_lib_shutdown_user_alloc_1           0x0810000b   Thumb Code     0  libshutdown2.o(.ARM.Collect$$libshutdown$$0000000C)
    __rt_exit                                0x0810000d   Thumb Code     0  rtexit.o(.ARM.Collect$$rtexit$$00000000)
    __rt_exit_ls                             0x0810000f   Thumb Code     0  rtexit2.o(.ARM.Collect$$rtexit$$00000003)
    __rt_exit_prels_1                        0x0810000f   Thumb Code     0  rtexit2.o(.ARM.Collect$$rtexit$$00000002)
    __rt_exit_exit                           0x08100013   Thumb Code     0  rtexit2.o(.ARM.Collect$$rtexit$$00000004)
    Reset_Handler                            0x08100019   Thumb Code     8  startup_stm32h743xx.o(.text)
    ADC3_IRQHandler                          0x08100033   Thumb Code     0  startup_stm32h743xx.o(.text)
    ADC_IRQHandler                           0x08100033   Thumb Code     0  startup_stm32h743xx.o(.text)
    BDMA_Channel0_IRQHandler                 0x08100033   Thumb Code     0  startup_stm32h743xx.o(.text)
    BDMA_Channel1_IRQHandler                 0x08100033   Thumb Code     0  startup_stm32h743xx.o(.text)
    BDMA_Channel2_IRQHandler                 0x08100033   Thumb Code     0  startup_stm32h743xx.o(.text)
    BDMA_Channel3_IRQHandler                 0x08100033   Thumb Code     0  startup_stm32h743xx.o(.text)
    BDMA_Channel4_IRQHandler                 0x08100033   Thumb Code     0  startup_stm32h743xx.o(.text)
    BDMA_Channel5_IRQHandler                 0x08100033   Thumb Code     0  startup_stm32h743xx.o(.text)
    BDMA_Channel6_IRQHandler                 0x08100033   Thumb Code     0  startup_stm32h743xx.o(.text)
    BDMA_Channel7_IRQHandler                 0x08100033   Thumb Code     0  startup_stm32h743xx.o(.text)
    CEC_IRQHandler                           0x08100033   Thumb Code     0  startup_stm32h743xx.o(.text)
    COMP1_IRQHandler                         0x08100033   Thumb Code     0  startup_stm32h743xx.o(.text)
    CRS_IRQHandler                           0x08100033   Thumb Code     0  startup_stm32h743xx.o(.text)
    DCMI_IRQHandler                          0x08100033   Thumb Code     0  startup_stm32h743xx.o(.text)
    DFSDM1_FLT0_IRQHandler                   0x08100033   Thumb Code     0  startup_stm32h743xx.o(.text)
    DFSDM1_FLT1_IRQHandler                   0x08100033   Thumb Code     0  startup_stm32h743xx.o(.text)
    DFSDM1_FLT2_IRQHandler                   0x08100033   Thumb Code     0  startup_stm32h743xx.o(.text)
    DFSDM1_FLT3_IRQHandler                   0x08100033   Thumb Code     0  startup_stm32h743xx.o(.text)
    DMA1_Stream0_IRQHandler                  0x08100033   Thumb Code     0  startup_stm32h743xx.o(.text)
    DMA1_Stream1_IRQHandler                  0x08100033   Thumb Code     0  startup_stm32h743xx.o(.text)
    DMA1_Stream2_IRQHandler                  0x08100033   Thumb Code     0  startup_stm32h743xx.o(.text)
    DMA1_Stream3_IRQHandler                  0x08100033   Thumb Code     0  startup_stm32h743xx.o(.text)
    DMA1_Stream4_IRQHandler                  0x08100033   Thumb Code     0  startup_stm32h743xx.o(.text)
    DMA1_Stream5_IRQHandler                  0x08100033   Thumb Code     0  startup_stm32h743xx.o(.text)
    DMA1_Stream6_IRQHandler                  0x08100033   Thumb Code     0  startup_stm32h743xx.o(.text)
    DMA1_Stream7_IRQHandler                  0x08100033   Thumb Code     0  startup_stm32h743xx.o(.text)
    DMA2D_IRQHandler                         0x08100033   Thumb Code     0  startup_stm32h743xx.o(.text)
    DMA2_Stream0_IRQHandler                  0x08100033   Thumb Code     0  startup_stm32h743xx.o(.text)
    DMA2_Stream1_IRQHandler                  0x08100033   Thumb Code     0  startup_stm32h743xx.o(.text)
    DMA2_Stream2_IRQHandler                  0x08100033   Thumb Code     0  startup_stm32h743xx.o(.text)
    DMA2_Stream3_IRQHandler                  0x08100033   Thumb Code     0  startup_stm32h743xx.o(.text)
    DMA2_Stream4_IRQHandler                  0x08100033   Thumb Code     0  startup_stm32h743xx.o(.text)
    DMA2_Stream5_IRQHandler                  0x08100033   Thumb Code     0  startup_stm32h743xx.o(.text)
    DMA2_Stream6_IRQHandler                  0x08100033   Thumb Code     0  startup_stm32h743xx.o(.text)
    DMA2_Stream7_IRQHandler                  0x08100033   Thumb Code     0  startup_stm32h743xx.o(.text)
    DMAMUX1_OVR_IRQHandler                   0x08100033   Thumb Code     0  startup_stm32h743xx.o(.text)
    DMAMUX2_OVR_IRQHandler                   0x08100033   Thumb Code     0  startup_stm32h743xx.o(.text)
    ETH_IRQHandler                           0x08100033   Thumb Code     0  startup_stm32h743xx.o(.text)
    ETH_WKUP_IRQHandler                      0x08100033   Thumb Code     0  startup_stm32h743xx.o(.text)
    EXTI0_IRQHandler                         0x08100033   Thumb Code     0  startup_stm32h743xx.o(.text)
    EXTI15_10_IRQHandler                     0x08100033   Thumb Code     0  startup_stm32h743xx.o(.text)
    EXTI1_IRQHandler                         0x08100033   Thumb Code     0  startup_stm32h743xx.o(.text)
    EXTI2_IRQHandler                         0x08100033   Thumb Code     0  startup_stm32h743xx.o(.text)
    EXTI3_IRQHandler                         0x08100033   Thumb Code     0  startup_stm32h743xx.o(.text)
    EXTI4_IRQHandler                         0x08100033   Thumb Code     0  startup_stm32h743xx.o(.text)
    EXTI9_5_IRQHandler                       0x08100033   Thumb Code     0  startup_stm32h743xx.o(.text)
    FDCAN1_IT0_IRQHandler                    0x08100033   Thumb Code     0  startup_stm32h743xx.o(.text)
    FDCAN1_IT1_IRQHandler                    0x08100033   Thumb Code     0  startup_stm32h743xx.o(.text)
    FDCAN2_IT0_IRQHandler                    0x08100033   Thumb Code     0  startup_stm32h743xx.o(.text)
    FDCAN2_IT1_IRQHandler                    0x08100033   Thumb Code     0  startup_stm32h743xx.o(.text)
    FDCAN_CAL_IRQHandler                     0x08100033   Thumb Code     0  startup_stm32h743xx.o(.text)
    FLASH_IRQHandler                         0x08100033   Thumb Code     0  startup_stm32h743xx.o(.text)
    FMC_IRQHandler                           0x08100033   Thumb Code     0  startup_stm32h743xx.o(.text)
    FPU_IRQHandler                           0x08100033   Thumb Code     0  startup_stm32h743xx.o(.text)
    HRTIM1_FLT_IRQHandler                    0x08100033   Thumb Code     0  startup_stm32h743xx.o(.text)
    HRTIM1_Master_IRQHandler                 0x08100033   Thumb Code     0  startup_stm32h743xx.o(.text)
    HRTIM1_TIMA_IRQHandler                   0x08100033   Thumb Code     0  startup_stm32h743xx.o(.text)
    HRTIM1_TIMB_IRQHandler                   0x08100033   Thumb Code     0  startup_stm32h743xx.o(.text)
    HRTIM1_TIMC_IRQHandler                   0x08100033   Thumb Code     0  startup_stm32h743xx.o(.text)
    HRTIM1_TIMD_IRQHandler                   0x08100033   Thumb Code     0  startup_stm32h743xx.o(.text)
    HRTIM1_TIME_IRQHandler                   0x08100033   Thumb Code     0  startup_stm32h743xx.o(.text)
    HSEM1_IRQHandler                         0x08100033   Thumb Code     0  startup_stm32h743xx.o(.text)
    I2C1_ER_IRQHandler                       0x08100033   Thumb Code     0  startup_stm32h743xx.o(.text)
    I2C1_EV_IRQHandler                       0x08100033   Thumb Code     0  startup_stm32h743xx.o(.text)
    I2C2_ER_IRQHandler                       0x08100033   Thumb Code     0  startup_stm32h743xx.o(.text)
    I2C2_EV_IRQHandler                       0x08100033   Thumb Code     0  startup_stm32h743xx.o(.text)
    I2C3_ER_IRQHandler                       0x08100033   Thumb Code     0  startup_stm32h743xx.o(.text)
    I2C3_EV_IRQHandler                       0x08100033   Thumb Code     0  startup_stm32h743xx.o(.text)
    I2C4_ER_IRQHandler                       0x08100033   Thumb Code     0  startup_stm32h743xx.o(.text)
    I2C4_EV_IRQHandler                       0x08100033   Thumb Code     0  startup_stm32h743xx.o(.text)
    JPEG_IRQHandler                          0x08100033   Thumb Code     0  startup_stm32h743xx.o(.text)
    LPTIM1_IRQHandler                        0x08100033   Thumb Code     0  startup_stm32h743xx.o(.text)
    LPTIM2_IRQHandler                        0x08100033   Thumb Code     0  startup_stm32h743xx.o(.text)
    LPTIM3_IRQHandler                        0x08100033   Thumb Code     0  startup_stm32h743xx.o(.text)
    LPTIM4_IRQHandler                        0x08100033   Thumb Code     0  startup_stm32h743xx.o(.text)
    LPTIM5_IRQHandler                        0x08100033   Thumb Code     0  startup_stm32h743xx.o(.text)
    LPUART1_IRQHandler                       0x08100033   Thumb Code     0  startup_stm32h743xx.o(.text)
    LTDC_ER_IRQHandler                       0x08100033   Thumb Code     0  startup_stm32h743xx.o(.text)
    LTDC_IRQHandler                          0x08100033   Thumb Code     0  startup_stm32h743xx.o(.text)
    MDIOS_IRQHandler                         0x08100033   Thumb Code     0  startup_stm32h743xx.o(.text)
    MDIOS_WKUP_IRQHandler                    0x08100033   Thumb Code     0  startup_stm32h743xx.o(.text)
    MDMA_IRQHandler                          0x08100033   Thumb Code     0  startup_stm32h743xx.o(.text)
    OTG_FS_EP1_IN_IRQHandler                 0x08100033   Thumb Code     0  startup_stm32h743xx.o(.text)
    OTG_FS_EP1_OUT_IRQHandler                0x08100033   Thumb Code     0  startup_stm32h743xx.o(.text)
    OTG_FS_IRQHandler                        0x08100033   Thumb Code     0  startup_stm32h743xx.o(.text)
    OTG_FS_WKUP_IRQHandler                   0x08100033   Thumb Code     0  startup_stm32h743xx.o(.text)
    OTG_HS_EP1_IN_IRQHandler                 0x08100033   Thumb Code     0  startup_stm32h743xx.o(.text)
    OTG_HS_EP1_OUT_IRQHandler                0x08100033   Thumb Code     0  startup_stm32h743xx.o(.text)
    OTG_HS_IRQHandler                        0x08100033   Thumb Code     0  startup_stm32h743xx.o(.text)
    OTG_HS_WKUP_IRQHandler                   0x08100033   Thumb Code     0  startup_stm32h743xx.o(.text)
    PVD_AVD_IRQHandler                       0x08100033   Thumb Code     0  startup_stm32h743xx.o(.text)
    QUADSPI_IRQHandler                       0x08100033   Thumb Code     0  startup_stm32h743xx.o(.text)
    RCC_IRQHandler                           0x08100033   Thumb Code     0  startup_stm32h743xx.o(.text)
    RNG_IRQHandler                           0x08100033   Thumb Code     0  startup_stm32h743xx.o(.text)
    RTC_Alarm_IRQHandler                     0x08100033   Thumb Code     0  startup_stm32h743xx.o(.text)
    RTC_WKUP_IRQHandler                      0x08100033   Thumb Code     0  startup_stm32h743xx.o(.text)
    SAI1_IRQHandler                          0x08100033   Thumb Code     0  startup_stm32h743xx.o(.text)
    SAI2_IRQHandler                          0x08100033   Thumb Code     0  startup_stm32h743xx.o(.text)
    SAI3_IRQHandler                          0x08100033   Thumb Code     0  startup_stm32h743xx.o(.text)
    SAI4_IRQHandler                          0x08100033   Thumb Code     0  startup_stm32h743xx.o(.text)
    SDMMC1_IRQHandler                        0x08100033   Thumb Code     0  startup_stm32h743xx.o(.text)
    SDMMC2_IRQHandler                        0x08100033   Thumb Code     0  startup_stm32h743xx.o(.text)
    SPDIF_RX_IRQHandler                      0x08100033   Thumb Code     0  startup_stm32h743xx.o(.text)
    SPI1_IRQHandler                          0x08100033   Thumb Code     0  startup_stm32h743xx.o(.text)
    SPI2_IRQHandler                          0x08100033   Thumb Code     0  startup_stm32h743xx.o(.text)
    SPI3_IRQHandler                          0x08100033   Thumb Code     0  startup_stm32h743xx.o(.text)
    SPI4_IRQHandler                          0x08100033   Thumb Code     0  startup_stm32h743xx.o(.text)
    SPI5_IRQHandler                          0x08100033   Thumb Code     0  startup_stm32h743xx.o(.text)
    SPI6_IRQHandler                          0x08100033   Thumb Code     0  startup_stm32h743xx.o(.text)
    SWPMI1_IRQHandler                        0x08100033   Thumb Code     0  startup_stm32h743xx.o(.text)
    TAMP_STAMP_IRQHandler                    0x08100033   Thumb Code     0  startup_stm32h743xx.o(.text)
    TIM15_IRQHandler                         0x08100033   Thumb Code     0  startup_stm32h743xx.o(.text)
    TIM16_IRQHandler                         0x08100033   Thumb Code     0  startup_stm32h743xx.o(.text)
    TIM17_IRQHandler                         0x08100033   Thumb Code     0  startup_stm32h743xx.o(.text)
    TIM1_BRK_IRQHandler                      0x08100033   Thumb Code     0  startup_stm32h743xx.o(.text)
    TIM1_CC_IRQHandler                       0x08100033   Thumb Code     0  startup_stm32h743xx.o(.text)
    TIM1_TRG_COM_IRQHandler                  0x08100033   Thumb Code     0  startup_stm32h743xx.o(.text)
    TIM1_UP_IRQHandler                       0x08100033   Thumb Code     0  startup_stm32h743xx.o(.text)
    TIM2_IRQHandler                          0x08100033   Thumb Code     0  startup_stm32h743xx.o(.text)
    TIM3_IRQHandler                          0x08100033   Thumb Code     0  startup_stm32h743xx.o(.text)
    TIM4_IRQHandler                          0x08100033   Thumb Code     0  startup_stm32h743xx.o(.text)
    TIM5_IRQHandler                          0x08100033   Thumb Code     0  startup_stm32h743xx.o(.text)
    TIM6_DAC_IRQHandler                      0x08100033   Thumb Code     0  startup_stm32h743xx.o(.text)
    TIM7_IRQHandler                          0x08100033   Thumb Code     0  startup_stm32h743xx.o(.text)
    TIM8_BRK_TIM12_IRQHandler                0x08100033   Thumb Code     0  startup_stm32h743xx.o(.text)
    TIM8_CC_IRQHandler                       0x08100033   Thumb Code     0  startup_stm32h743xx.o(.text)
    TIM8_TRG_COM_TIM14_IRQHandler            0x08100033   Thumb Code     0  startup_stm32h743xx.o(.text)
    TIM8_UP_TIM13_IRQHandler                 0x08100033   Thumb Code     0  startup_stm32h743xx.o(.text)
    UART4_IRQHandler                         0x08100033   Thumb Code     0  startup_stm32h743xx.o(.text)
    UART5_IRQHandler                         0x08100033   Thumb Code     0  startup_stm32h743xx.o(.text)
    UART7_IRQHandler                         0x08100033   Thumb Code     0  startup_stm32h743xx.o(.text)
    UART8_IRQHandler                         0x08100033   Thumb Code     0  startup_stm32h743xx.o(.text)
    USART2_IRQHandler                        0x08100033   Thumb Code     0  startup_stm32h743xx.o(.text)
    USART3_IRQHandler                        0x08100033   Thumb Code     0  startup_stm32h743xx.o(.text)
    USART6_IRQHandler                        0x08100033   Thumb Code     0  startup_stm32h743xx.o(.text)
    WAKEUP_PIN_IRQHandler                    0x08100033   Thumb Code     0  startup_stm32h743xx.o(.text)
    WWDG_IRQHandler                          0x08100033   Thumb Code     0  startup_stm32h743xx.o(.text)
    __user_initial_stackheap                 0x08100035   Thumb Code     0  startup_stm32h743xx.o(.text)
    __aeabi_memcpy                           0x08100059   Thumb Code     0  rt_memcpy_v6.o(.text)
    __rt_memcpy                              0x08100059   Thumb Code   138  rt_memcpy_v6.o(.text)
    _memcpy_lastbytes                        0x081000bf   Thumb Code     0  rt_memcpy_v6.o(.text)
    __aeabi_memclr4                          0x081000e3   Thumb Code     0  rt_memclr_w.o(.text)
    __aeabi_memclr8                          0x081000e3   Thumb Code     0  rt_memclr_w.o(.text)
    __rt_memclr_w                            0x081000e3   Thumb Code    78  rt_memclr_w.o(.text)
    _memset_w                                0x081000e7   Thumb Code     0  rt_memclr_w.o(.text)
    __user_setup_stackheap                   0x08100131   Thumb Code    74  sys_stackheap_outer.o(.text)
    exit                                     0x0810017b   Thumb Code    18  exit.o(.text)
    __user_libspace                          0x0810018d   Thumb Code     8  libspace.o(.text)
    __user_perproc_libspace                  0x0810018d   Thumb Code     0  libspace.o(.text)
    __user_perthread_libspace                0x0810018d   Thumb Code     0  libspace.o(.text)
    Short Thumb to Thumb Veneer to __aeabi_memcpy4 0x08100195   Thumb Code     4  anon$$obj.o(Veneer$$Code)
    HAL_DMA_Abort_IT                         0x08100199   Thumb Code   236  stm32h7xx_hal_dma.o(i.HAL_DMA_Abort_IT)
    HAL_GPIO_Init                            0x08100291   Thumb Code   534  stm32h7xx_hal_gpio.o(i.HAL_GPIO_Init)
    HAL_GetTick                              0x081004dd   Thumb Code     6  stm32h7xx_hal.o(i.HAL_GetTick)
    HAL_Init                                 0x081004e9   Thumb Code    28  stm32h7xx_hal.o(i.HAL_Init)
    HAL_NVIC_EnableIRQ                       0x08100505   Thumb Code    32  stm32h7xx_hal_cortex.o(i.HAL_NVIC_EnableIRQ)
    HAL_NVIC_SetPriority                     0x08100525   Thumb Code   122  stm32h7xx_hal_cortex.o(i.HAL_NVIC_SetPriority)
    HAL_RCCEx_GetD1SysClockFreq              0x081005a1   Thumb Code    44  stm32h7xx_hal_rcc_ex.o(i.HAL_RCCEx_GetD1SysClockFreq)
    HAL_RCCEx_GetD3PCLK1Freq                 0x081005d9   Thumb Code    34  stm32h7xx_hal_rcc_ex.o(i.HAL_RCCEx_GetD3PCLK1Freq)
    HAL_RCCEx_GetPLL2ClockFreq               0x08100605   Thumb Code   532  stm32h7xx_hal_rcc_ex.o(i.HAL_RCCEx_GetPLL2ClockFreq)
    HAL_RCC_GetPCLK1Freq                     0x08100831   Thumb Code    34  stm32h7xx_hal_rcc.o(i.HAL_RCC_GetPCLK1Freq)
    HAL_SYSTICK_CLKSourceConfig              0x0810085d   Thumb Code    40  stm32h7xx_hal_cortex.o(i.HAL_SYSTICK_CLKSourceConfig)
    HAL_SYSTICK_Config                       0x08100885   Thumb Code    52  stm32h7xx_hal_cortex.o(i.HAL_SYSTICK_Config)
    HAL_UART_GetState                        0x081008b9   Thumb Code    20  stm32h7xx_hal_uart.o(i.HAL_UART_GetState)
    HAL_UART_IRQHandler                      0x081008cd   Thumb Code   434  stm32h7xx_hal_uart.o(i.HAL_UART_IRQHandler)
    HAL_UART_MspInit                         0x08100a89   Thumb Code   138  usart.o(i.HAL_UART_MspInit)
    HAL_UART_Receive_IT                      0x08100b21   Thumb Code   224  stm32h7xx_hal_uart.o(i.HAL_UART_Receive_IT)
    HAL_UART_TxCpltCallback                  0x08100c01   Thumb Code     2  stm32h7xx_hal_uart.o(i.HAL_UART_TxCpltCallback)
    UART_AdvFeatureConfig                    0x08100c81   Thumb Code   234  stm32h7xx_hal_uart.o(i.UART_AdvFeatureConfig)
    UART_CheckIdleState                      0x08100d6b   Thumb Code   116  stm32h7xx_hal_uart.o(i.UART_CheckIdleState)
    UART_SetConfig                           0x08100e01   Thumb Code  2452  stm32h7xx_hal_uart.o(i.UART_SetConfig)
    USART1_IRQHandler                        0x081017a5   Thumb Code    66  usart.o(i.USART1_IRQHandler)
    UsageFault_Handler                       0x081017f5   Thumb Code     4  stm32h7xx_it.o(i.UsageFault_Handler)
    delay_init                               0x081017f9   Thumb Code    16  delay.o(i.delay_init)
    pxPortInitialiseStack                    0x08101de9   Thumb Code    38  port.o(i.pxPortInitialiseStack)
    uart_init                                0x08101e15   Thumb Code    44  usart.o(i.uart_init)
    uxListRemove                             0x08101e4d   Thumb Code    40  list.o(i.uxListRemove)
    uxTaskGetNumberOfTasks                   0x08101e75   Thumb Code     6  tasks.o(i.uxTaskGetNumberOfTasks)
    vListInitialiseItem                      0x08101e81   Thumb Code     6  list.o(i.vListInitialiseItem)
    vPortEnterCritical                       0x08101e89   Thumb Code    34  port.o(i.vPortEnterCritical)
    vPortExitCritical                        0x08101eb1   Thumb Code    28  port.o(i.vPortExitCritical)
    vQueueWaitForMessageRestricted           0x08101ed1   Thumb Code    74  queue.o(i.vQueueWaitForMessageRestricted)
    vTaskDelay                               0x08101f1d   Thumb Code    46  tasks.o(i.vTaskDelay)
    vTaskInternalSetTimeOutState             0x08101f51   Thumb Code    14  tasks.o(i.vTaskInternalSetTimeOutState)
    vTaskPlaceOnEventList                    0x08101f69   Thumb Code    28  tasks.o(i.vTaskPlaceOnEventList)
    vTaskPlaceOnEventListRestricted          0x08101f89   Thumb Code    70  tasks.o(i.vTaskPlaceOnEventListRestricted)
    vTaskSuspendAll                          0x08101fd5   Thumb Code    12  tasks.o(i.vTaskSuspendAll)
    vTaskSwitchContext                       0x08101fe5   Thumb Code    76  tasks.o(i.vTaskSwitchContext)
    xPortStartScheduler                      0x08102045   Thumb Code    58  port.o(i.xPortStartScheduler)
    xQueueReceive                            0x0810208d   Thumb Code   256  queue.o(i.xQueueReceive)
    xTaskCheckForTimeOut                     0x08102191   Thumb Code    88  tasks.o(i.xTaskCheckForTimeOut)
    xTaskGetTickCount                        0x081021f1   Thumb Code     6  tasks.o(i.xTaskGetTickCount)
    xTaskIncrementTick                       0x081021fd   Thumb Code   356  tasks.o(i.xTaskIncrementTick)
    xTaskPriorityDisinherit                  0x0810238d   Thumb Code   162  tasks.o(i.xTaskPriorityDisinherit)
    _fp_init                                 0x08102439   Thumb Code    10  fpinit.o(x$fpl$fpinit)
    __fplib_config_fpu_vfp                   0x08102441   Thumb Code     0  fpinit.o(x$fpl$fpinit)
    __fplib_config_pureend_doubles           0x08102441   Thumb Code     0  fpinit.o(x$fpl$fpinit)
    D1CorePrescTable                         0x08102472   Data          16  system_stm32h7xx.o(.constdata)
    SystemCoreClock                          0x24000000   Data           4  system_stm32h7xx.o(.data)
    SystemD2Clock                            0x24000004   Data           4  system_stm32h7xx.o(.data)
    __stdout                                 0x2400000c   Data           4  usart.o(.data)
    USART_RX_STA                             0x24000010   Data           2  usart.o(.data)
    aRxBuffer                                0x24000012   Data           1  usart.o(.data)
    pxCurrentTCB                             0x24000020   Data           4  tasks.o(.data)
    uxTopUsedPriority                        0x24000058   Data           4  tasks.o(.data)
    USART_RX_BUF                             0x24000094   Data         200  usart.o(.bss)
    UART1_Handler                            0x2400015c   Data         128  usart.o(.bss)
    xQueueRegistry                           0x240001dc   Data          64  queue.o(.bss)
    __libspace_start                         0x2400bb0c   Data          96  libspace.o(.bss)
    __temporary_stack_top$libspace           0x2400bb6c   Data           0  libspace.o(.bss)



==============================================================================

Memory Map of the image

  Image Entry point : 0x08000299

  Load Region LR_IROM1 (Base: 0x08000000, Size: 0x000025d0, Max: 0x00100000, ABSOLUTE)

    Execution Region ER_IROM1 (Exec base: 0x08000000, Load base: 0x08000000, Size: 0x0000253c, Max: 0x00100000, ABSOLUTE)

    Exec Addr    Load Addr    Size         Type   Attr      Idx    E Section Name        Object

    0x08000000   0x08000000   0x00000298   Data   RO          498    RESET               startup_stm32h743xx.o
    0x08000298   0x08000298   0x00000008   Code   RO         4201  * !!!main             c_w.l(__main.o)
    0x080002a0   0x080002a0   0x00000034   Code   RO         4379    !!!scatter          c_w.l(__scatter.o)
    0x080002d4   0x080002d4   0x0000001a   Code   RO         4381    !!handler_copy      c_w.l(__scatter_copy.o)
    0x080002ee   0x080002ee   0x00000002   PAD
    0x080002f0   0x080002f0   0x0000001c   Code   RO         4383    !!handler_zi        c_w.l(__scatter_zi.o)
    0x0800030c   0x0800030c   0x00000000   Code   RO         4203    .ARM.Collect$$rtentry$$00000000  c_w.l(__rtentry.o)
    0x0800030c   0x0800030c   0x00000000   Code   RO         4220    .ARM.Collect$$rtentry$$00000002  c_w.l(__rtentry2.o)
    0x0800030c   0x0800030c   0x00000006   Code   RO         4232    .ARM.Collect$$rtentry$$00000004  c_w.l(__rtentry4.o)
    0x08000312   0x08000312   0x00000000   Code   RO         4222    .ARM.Collect$$rtentry$$00000009  c_w.l(__rtentry2.o)
    0x08000312   0x08000312   0x00000004   Code   RO         4223    .ARM.Collect$$rtentry$$0000000A  c_w.l(__rtentry2.o)
    0x08000316   0x08000316   0x00000000   Code   RO         4225    .ARM.Collect$$rtentry$$0000000C  c_w.l(__rtentry2.o)
    0x08000316   0x08000316   0x00000008   Code   RO         4226    .ARM.Collect$$rtentry$$0000000D  c_w.l(__rtentry2.o)
    0x0800031e   0x0800031e   0x00000002   PAD
    0x08000320   0x08000320   0x000000c2   Code   RO         4069    .emb_text           port.o
    0x080003e2   0x080003e2   0x000000ee   Code   RO         4152    .text               c_w.l(lludivv7m.o)
    0x080004d0   0x080004d0   0x00000010   Code   RO         4193    .text               c_w.l(aeabi_memset.o)
    0x080004e0   0x080004e0   0x00000044   Code   RO         4195    .text               c_w.l(rt_memclr.o)
    0x08000524   0x08000524   0x00000006   Code   RO         4199    .text               c_w.l(heapauxi.o)
    0x0800052a   0x0800052a   0x00000064   Code   RO         4217    .text               c_w.l(rt_memcpy_w.o)
    0x0800058e   0x0800058e   0x00000002   PAD
    0x08000590   0x08000590   0x00000004   Ven    RO         4385    Veneer$$Code        anon$$obj.o
    0x08000594   0x08000594   0x00000004   Code   RO          359    i.BusFault_Handler  stm32h7xx_it.o
    0x08000598   0x08000598   0x0000001c   Code   RO          546    i.Cache_Enable      sys.o
    0x080005b4   0x080005b4   0x00000002   Code   RO          360    i.DebugMon_Handler  stm32h7xx_it.o
    0x080005b6   0x080005b6   0x00000002   PAD
    0x080005b8   0x080005b8   0x00000014   Code   RO          689    i.HAL_EnableCompensationCell  stm32h7xx_hal.o
    0x080005cc   0x080005cc   0x0000000a   Code   RO         1333    i.HAL_GPIO_WritePin  stm32h7xx_hal_gpio.o
    0x080005d6   0x080005d6   0x00000002   PAD
    0x080005d8   0x080005d8   0x00000018   Code   RO          699    i.HAL_IncTick       stm32h7xx_hal.o
    0x080005f0   0x080005f0   0x0000004c   Code   RO          701    i.HAL_InitTick      stm32h7xx_hal.o
    0x0800063c   0x0800063c   0x00000002   Code   RO          468    i.HAL_MspInit       stm32h7xx_hal_msp.o
    0x0800063e   0x0800063e   0x00000002   PAD
    0x08000640   0x08000640   0x00000028   Code   RO         1001    i.HAL_NVIC_SetPriorityGrouping  stm32h7xx_hal_cortex.o
    0x08000668   0x08000668   0x0000022c   Code   RO         1884    i.HAL_RCCEx_GetPLL3ClockFreq  stm32h7xx_hal_rcc_ex.o
    0x08000894   0x08000894   0x00000250   Code   RO         1771    i.HAL_RCC_ClockConfig  stm32h7xx_hal_rcc.o
    0x08000ae4   0x08000ae4   0x00000038   Code   RO         1775    i.HAL_RCC_GetHCLKFreq  stm32h7xx_hal_rcc.o
    0x08000b1c   0x08000b1c   0x0000002c   Code   RO         1778    i.HAL_RCC_GetPCLK2Freq  stm32h7xx_hal_rcc.o
    0x08000b48   0x08000b48   0x00000244   Code   RO         1779    i.HAL_RCC_GetSysClockFreq  stm32h7xx_hal_rcc.o
    0x08000d8c   0x08000d8c   0x000006c4   Code   RO         1782    i.HAL_RCC_OscConfig  stm32h7xx_hal_rcc.o
    0x08001450   0x08001450   0x00000002   Code   RO         2394    i.HAL_UARTEx_WakeupCallback  stm32h7xx_hal_uart_ex.o
    0x08001452   0x08001452   0x00000002   Code   RO         2058    i.HAL_UART_ErrorCallback  stm32h7xx_hal_uart.o
    0x08001454   0x08001454   0x00000078   Code   RO         2062    i.HAL_UART_Init     stm32h7xx_hal_uart.o
    0x080014cc   0x080014cc   0x00000088   Code   RO          608    i.HAL_UART_RxCpltCallback  usart.o
    0x08001554   0x08001554   0x00000004   Code   RO          361    i.HardFault_Handler  stm32h7xx_it.o
    0x08001558   0x08001558   0x00000064   Code   RO         2718    i.LED_Init          led.o
    0x080015bc   0x080015bc   0x00000004   Code   RO          362    i.MemManage_Handler  stm32h7xx_it.o
    0x080015c0   0x080015c0   0x00000002   Code   RO          363    i.NMI_Handler       stm32h7xx_it.o
    0x080015c2   0x080015c2   0x00000002   PAD
    0x080015c4   0x080015c4   0x0000009c   Code   RO          549    i.SCB_EnableDCache  sys.o
    0x08001660   0x08001660   0x000000f8   Code   RO          551    i.Stm32_Clock_Init  sys.o
    0x08001758   0x08001758   0x00000014   Code   RO          364    i.SysTick_Handler   stm32h7xx_it.o
    0x0800176c   0x0800176c   0x00000094   Code   RO          431    i.SystemInit        system_stm32h7xx.o
    0x08001800   0x08001800   0x00000018   Code   RO         2077    i.UART_DMAAbortOnError  stm32h7xx_hal_uart.o
    0x08001818   0x08001818   0x00000020   Code   RO         2088    i.UART_EndTransmit_IT  stm32h7xx_hal_uart.o
    0x08001838   0x08001838   0x0000008a   Code   RO         2090    i.UART_Receive_IT   stm32h7xx_hal_uart.o
    0x080018c2   0x080018c2   0x00000082   Code   RO         2092    i.UART_Transmit_IT  stm32h7xx_hal_uart.o
    0x08001944   0x08001944   0x0000006c   Code   RO         2093    i.UART_WaitOnFlagUntilTimeout  stm32h7xx_hal_uart.o
    0x080019b0   0x080019b0   0x00000010   Code   RO         1007    i.__NVIC_GetPriorityGrouping  stm32h7xx_hal_cortex.o
    0x080019c0   0x080019c0   0x00000028   Code   RO         1008    i.__NVIC_SetPriority  stm32h7xx_hal_cortex.o
    0x080019e8   0x080019e8   0x00000004   Code   RO          610    i._sys_exit         usart.o
    0x080019ec   0x080019ec   0x00000030   Code   RO            4    i.led1_task         main.o
    0x08001a1c   0x08001a1c   0x00000030   Code   RO            5    i.led2_task         main.o
    0x08001a4c   0x08001a4c   0x00000068   Code   RO            6    i.main              main.o
    0x08001ab4   0x08001ab4   0x000000ec   Code   RO         3415    i.prvAddNewTaskToReadyList  tasks.o
    0x08001ba0   0x08001ba0   0x00000048   Code   RO         3416    i.prvCheckTasksWaitingTermination  tasks.o
    0x08001be8   0x08001be8   0x0000002a   Code   RO         2971    i.prvCopyDataFromQueue  queue.o
    0x08001c12   0x08001c12   0x00000012   Code   RO         3417    i.prvDeleteTCB      tasks.o
    0x08001c24   0x08001c24   0x00000028   Code   RO         3418    i.prvIdleTask       tasks.o
    0x08001c4c   0x08001c4c   0x00000058   Code   RO         3814    i.prvInsertTimerInActiveList  timers.o
    0x08001ca4   0x08001ca4   0x00000058   Code   RO         2978    i.prvNotifyQueueSetContainer  queue.o
    0x08001cfc   0x08001cfc   0x00000044   Code   RO         3815    i.prvProcessExpiredTimer  timers.o
    0x08001d40   0x08001d40   0x00000074   Code   RO         3817    i.prvProcessTimerOrBlockTask  timers.o
    0x08001db4   0x08001db4   0x00000028   Code   RO         3818    i.prvReloadTimer    timers.o
    0x08001ddc   0x08001ddc   0x00000030   Code   RO         3422    i.prvResetNextTaskUnblockTime  tasks.o
    0x08001e0c   0x08001e0c   0x0000002c   Code   RO         3819    i.prvSampleTimeNow  timers.o
    0x08001e38   0x08001e38   0x0000001a   Code   RO         3821    i.prvTimerTask      timers.o
    0x08001e52   0x08001e52   0x00000002   PAD
    0x08001e54   0x08001e54   0x000000e4   Code   RO         3998    i.pvPortMalloc      heap_4.o
    0x08001f38   0x08001f38   0x0000001a   Code   RO         2918    i.vListInitialise   list.o
    0x08001f52   0x08001f52   0x00000034   Code   RO         2920    i.vListInsert       list.o
    0x08001f86   0x08001f86   0x00000002   PAD
    0x08001f88   0x08001f88   0x0000004c   Code   RO         3999    i.vPortFree         heap_4.o
    0x08001fd4   0x08001fd4   0x00000028   Code   RO         4075    i.vPortSetupTimerInterrupt  port.o
    0x08001ffc   0x08001ffc   0x00000048   Code   RO         2985    i.vQueueAddToRegistry  queue.o
    0x08002044   0x08002044   0x0000000c   Code   RO         3442    i.vTaskMissedYield  tasks.o
    0x08002050   0x08002050   0x0000007c   Code   RO         3452    i.vTaskStartScheduler  tasks.o
    0x080020cc   0x080020cc   0x00000038   Code   RO         4077    i.xPortSysTickHandler  port.o
    0x08002104   0x08002104   0x0000004c   Code   RO         2994    i.xQueueGenericCreate  queue.o
    0x08002150   0x08002150   0x000000a0   Code   RO         2995    i.xQueueGenericReset  queue.o
    0x080021f0   0x080021f0   0x00000068   Code   RO         3458    i.xTaskCreate       tasks.o
    0x08002258   0x08002258   0x00000020   Code   RO         3465    i.xTaskGetSchedulerState  tasks.o
    0x08002278   0x08002278   0x00000108   Code   RO         3471    i.xTaskRemoveFromEventList  tasks.o
    0x08002380   0x08002380   0x0000015c   Code   RO         3472    i.xTaskResumeAll    tasks.o
    0x080024dc   0x080024dc   0x00000040   Code   RO         3829    i.xTimerCreateTimerTask  timers.o
    0x0800251c   0x0800251c   0x00000020   Data   RO         4377    Region$$Table       anon$$obj.o


    Execution Region RW_IRAM1 (Exec base: 0x20000000, Load base: 0x0800253c, Size: 0x00000000, Max: 0x00020000, ABSOLUTE)

    **** No section assigned to this execution region ****


    Execution Region RW_IRAM2 (Exec base: 0x24000000, Load base: 0x0800253c, Size: 0x0000c170, Max: 0x00080000, ABSOLUTE)

    Exec Addr    Load Addr    Size         Type   Attr      Idx    E Section Name        Object

    0x24000000   0x0800253c   0x00000008   Data   RW          433    .data               system_stm32h7xx.o
    0x24000008   0x08002544   0x00000004   Data   RW          510    .data               delay.o
    0x2400000c   0x08002548   0x00000007   Data   RW          615    .data               usart.o
    0x24000013   0x0800254f   0x00000001   PAD
    0x24000014   0x08002550   0x00000009   Data   RW          723    .data               stm32h7xx_hal.o
    0x2400001d   0x08002559   0x00000003   PAD
    0x24000020   0x0800255c   0x00000040   Data   RW         3476    .data               tasks.o
    0x24000060   0x0800259c   0x00000014   Data   RW         3840    .data               timers.o
    0x24000074   0x080025b0   0x0000001c   Data   RW         4006    .data               heap_4.o
    0x24000090   0x080025cc   0x00000004   Data   RW         4079    .data               port.o
    0x24000094        -       0x00000148   Zero   RW          613    .bss                usart.o
    0x240001dc        -       0x00000040   Zero   RW         3011    .bss                queue.o
    0x2400021c        -       0x000000c8   Zero   RW         3474    .bss                tasks.o
    0x240002e4        -       0x00000028   Zero   RW         3838    .bss                timers.o
    0x2400030c        -       0x0000b800   Zero   RW         4004    .bss                heap_4.o
    0x2400bb0c        -       0x00000060   Zero   RW         4253    .bss                c_w.l(libspace.o)
    0x2400bb6c   0x080025d0   0x00000004   PAD
    0x2400bb70        -       0x00000200   Zero   RW          497    HEAP                startup_stm32h743xx.o
    0x2400bd70        -       0x00000400   Zero   RW          496    STACK               startup_stm32h743xx.o



  Load Region LR_IROM2 (Base: 0x08100000, Size: 0x000024b4, Max: 0x00100000, ABSOLUTE)

    Execution Region ER_IROM2 (Exec base: 0x08100000, Load base: 0x08100000, Size: 0x000024b4, Max: 0x00100000, ABSOLUTE)

    Exec Addr    Load Addr    Size         Type   Attr      Idx    E Section Name        Object

    0x08100000   0x08100000   0x00000002   Code   RO         4251    .ARM.Collect$$libinit$$00000000  c_w.l(libinit.o)
    0x08100002   0x08100002   0x00000004   Code   RO         4263    .ARM.Collect$$libinit$$00000001  c_w.l(libinit2.o)
    0x08100006   0x08100006   0x00000000   Code   RO         4266    .ARM.Collect$$libinit$$00000004  c_w.l(libinit2.o)
    0x08100006   0x08100006   0x00000000   Code   RO         4269    .ARM.Collect$$libinit$$0000000A  c_w.l(libinit2.o)
    0x08100006   0x08100006   0x00000000   Code   RO         4271    .ARM.Collect$$libinit$$0000000C  c_w.l(libinit2.o)
    0x08100006   0x08100006   0x00000000   Code   RO         4273    .ARM.Collect$$libinit$$0000000E  c_w.l(libinit2.o)
    0x08100006   0x08100006   0x00000000   Code   RO         4276    .ARM.Collect$$libinit$$00000011  c_w.l(libinit2.o)
    0x08100006   0x08100006   0x00000000   Code   RO         4278    .ARM.Collect$$libinit$$00000013  c_w.l(libinit2.o)
    0x08100006   0x08100006   0x00000000   Code   RO         4280    .ARM.Collect$$libinit$$00000015  c_w.l(libinit2.o)
    0x08100006   0x08100006   0x00000000   Code   RO         4282    .ARM.Collect$$libinit$$00000017  c_w.l(libinit2.o)
    0x08100006   0x08100006   0x00000000   Code   RO         4284    .ARM.Collect$$libinit$$00000019  c_w.l(libinit2.o)
    0x08100006   0x08100006   0x00000000   Code   RO         4286    .ARM.Collect$$libinit$$0000001B  c_w.l(libinit2.o)
    0x08100006   0x08100006   0x00000000   Code   RO         4288    .ARM.Collect$$libinit$$0000001D  c_w.l(libinit2.o)
    0x08100006   0x08100006   0x00000000   Code   RO         4290    .ARM.Collect$$libinit$$0000001F  c_w.l(libinit2.o)
    0x08100006   0x08100006   0x00000000   Code   RO         4292    .ARM.Collect$$libinit$$00000021  c_w.l(libinit2.o)
    0x08100006   0x08100006   0x00000000   Code   RO         4294    .ARM.Collect$$libinit$$00000023  c_w.l(libinit2.o)
    0x08100006   0x08100006   0x00000000   Code   RO         4296    .ARM.Collect$$libinit$$00000025  c_w.l(libinit2.o)
    0x08100006   0x08100006   0x00000000   Code   RO         4300    .ARM.Collect$$libinit$$0000002C  c_w.l(libinit2.o)
    0x08100006   0x08100006   0x00000000   Code   RO         4302    .ARM.Collect$$libinit$$0000002E  c_w.l(libinit2.o)
    0x08100006   0x08100006   0x00000000   Code   RO         4304    .ARM.Collect$$libinit$$00000030  c_w.l(libinit2.o)
    0x08100006   0x08100006   0x00000000   Code   RO         4306    .ARM.Collect$$libinit$$00000032  c_w.l(libinit2.o)
    0x08100006   0x08100006   0x00000002   Code   RO         4307    .ARM.Collect$$libinit$$00000033  c_w.l(libinit2.o)
    0x08100008   0x08100008   0x00000002   Code   RO         4333    .ARM.Collect$$libshutdown$$00000000  c_w.l(libshutdown.o)
    0x0810000a   0x0810000a   0x00000000   Code   RO         4362    .ARM.Collect$$libshutdown$$00000002  c_w.l(libshutdown2.o)
    0x0810000a   0x0810000a   0x00000000   Code   RO         4364    .ARM.Collect$$libshutdown$$00000004  c_w.l(libshutdown2.o)
    0x0810000a   0x0810000a   0x00000000   Code   RO         4367    .ARM.Collect$$libshutdown$$00000007  c_w.l(libshutdown2.o)
    0x0810000a   0x0810000a   0x00000000   Code   RO         4370    .ARM.Collect$$libshutdown$$0000000A  c_w.l(libshutdown2.o)
    0x0810000a   0x0810000a   0x00000000   Code   RO         4372    .ARM.Collect$$libshutdown$$0000000C  c_w.l(libshutdown2.o)
    0x0810000a   0x0810000a   0x00000000   Code   RO         4375    .ARM.Collect$$libshutdown$$0000000F  c_w.l(libshutdown2.o)
    0x0810000a   0x0810000a   0x00000002   Code   RO         4376    .ARM.Collect$$libshutdown$$00000010  c_w.l(libshutdown2.o)
    0x0810000c   0x0810000c   0x00000002   Code   RO         4255    .ARM.Collect$$rtexit$$00000000  c_w.l(rtexit.o)
    0x0810000e   0x0810000e   0x00000000   Code   RO         4309    .ARM.Collect$$rtexit$$00000002  c_w.l(rtexit2.o)
    0x0810000e   0x0810000e   0x00000004   Code   RO         4310    .ARM.Collect$$rtexit$$00000003  c_w.l(rtexit2.o)
    0x08100012   0x08100012   0x00000006   Code   RO         4311    .ARM.Collect$$rtexit$$00000004  c_w.l(rtexit2.o)
    0x08100018   0x08100018   0x00000040   Code   RO          499    .text               startup_stm32h743xx.o
    0x08100058   0x08100058   0x0000008a   Code   RO         4191    .text               c_w.l(rt_memcpy_v6.o)
    0x081000e2   0x081000e2   0x0000004e   Code   RO         4197    .text               c_w.l(rt_memclr_w.o)
    0x08100130   0x08100130   0x0000004a   Code   RO         4238    .text               c_w.l(sys_stackheap_outer.o)
    0x0810017a   0x0810017a   0x00000012   Code   RO         4240    .text               c_w.l(exit.o)
    0x0810018c   0x0810018c   0x00000008   Code   RO         4252    .text               c_w.l(libspace.o)
    0x08100194   0x08100194   0x00000004   Ven    RO         4386    Veneer$$Code        anon$$obj.o
    0x08100198   0x08100198   0x000000f8   Code   RO         1142    i.HAL_DMA_Abort_IT  stm32h7xx_hal_dma.o
    0x08100290   0x08100290   0x0000024c   Code   RO         1329    i.HAL_GPIO_Init     stm32h7xx_hal_gpio.o
    0x081004dc   0x081004dc   0x0000000c   Code   RO          696    i.HAL_GetTick       stm32h7xx_hal.o
    0x081004e8   0x081004e8   0x0000001c   Code   RO          700    i.HAL_Init          stm32h7xx_hal.o
    0x08100504   0x08100504   0x00000020   Code   RO          994    i.HAL_NVIC_EnableIRQ  stm32h7xx_hal_cortex.o
    0x08100524   0x08100524   0x0000007a   Code   RO         1000    i.HAL_NVIC_SetPriority  stm32h7xx_hal_cortex.o
    0x0810059e   0x0810059e   0x00000002   PAD
    0x081005a0   0x081005a0   0x00000038   Code   RO         1880    i.HAL_RCCEx_GetD1SysClockFreq  stm32h7xx_hal_rcc_ex.o
    0x081005d8   0x081005d8   0x0000002c   Code   RO         1881    i.HAL_RCCEx_GetD3PCLK1Freq  stm32h7xx_hal_rcc_ex.o
    0x08100604   0x08100604   0x0000022c   Code   RO         1883    i.HAL_RCCEx_GetPLL2ClockFreq  stm32h7xx_hal_rcc_ex.o
    0x08100830   0x08100830   0x0000002c   Code   RO         1777    i.HAL_RCC_GetPCLK1Freq  stm32h7xx_hal_rcc.o
    0x0810085c   0x0810085c   0x00000028   Code   RO         1003    i.HAL_SYSTICK_CLKSourceConfig  stm32h7xx_hal_cortex.o
    0x08100884   0x08100884   0x00000034   Code   RO         1005    i.HAL_SYSTICK_Config  stm32h7xx_hal_cortex.o
    0x081008b8   0x081008b8   0x00000014   Code   RO         2060    i.HAL_UART_GetState  stm32h7xx_hal_uart.o
    0x081008cc   0x081008cc   0x000001bc   Code   RO         2061    i.HAL_UART_IRQHandler  stm32h7xx_hal_uart.o
    0x08100a88   0x08100a88   0x00000098   Code   RO          607    i.HAL_UART_MspInit  usart.o
    0x08100b20   0x08100b20   0x000000e0   Code   RO         2067    i.HAL_UART_Receive_IT  stm32h7xx_hal_uart.o
    0x08100c00   0x08100c00   0x00000002   Code   RO         2073    i.HAL_UART_TxCpltCallback  stm32h7xx_hal_uart.o
    0x08100c02   0x08100c02   0x00000002   PAD
    0x08100c04   0x08100c04   0x0000007c   Code   RO          550    i.SCB_EnableICache  sys.o
    0x08100c80   0x08100c80   0x000000ea   Code   RO         2075    i.UART_AdvFeatureConfig  stm32h7xx_hal_uart.o
    0x08100d6a   0x08100d6a   0x00000074   Code   RO         2076    i.UART_CheckIdleState  stm32h7xx_hal_uart.o
    0x08100dde   0x08100dde   0x00000020   Code   RO         2087    i.UART_EndRxTransfer  stm32h7xx_hal_uart.o
    0x08100dfe   0x08100dfe   0x00000002   PAD
    0x08100e00   0x08100e00   0x000009a4   Code   RO         2091    i.UART_SetConfig    stm32h7xx_hal_uart.o
    0x081017a4   0x081017a4   0x00000050   Code   RO          609    i.USART1_IRQHandler  usart.o
    0x081017f4   0x081017f4   0x00000004   Code   RO          365    i.UsageFault_Handler  stm32h7xx_it.o
    0x081017f8   0x081017f8   0x00000014   Code   RO          506    i.delay_init        delay.o
    0x0810180c   0x0810180c   0x000000c0   Code   RO         3414    i.prvAddCurrentTaskToDelayedList  tasks.o
    0x081018cc   0x081018cc   0x00000064   Code   RO         3811    i.prvCheckForValidListAndQueue  timers.o
    0x08101930   0x08101930   0x0000007e   Code   RO         2972    i.prvCopyDataToQueue  queue.o
    0x081019ae   0x081019ae   0x00000002   PAD
    0x081019b0   0x081019b0   0x00000028   Code   RO         3812    i.prvGetNextExpireTime  timers.o
    0x081019d8   0x081019d8   0x00000070   Code   RO         3995    i.prvHeapInit       heap_4.o
    0x08101a48   0x08101a48   0x0000002e   Code   RO         2975    i.prvInitialiseNewQueue  queue.o
    0x08101a76   0x08101a76   0x00000086   Code   RO         3419    i.prvInitialiseNewTask  tasks.o
    0x08101afc   0x08101afc   0x00000068   Code   RO         3420    i.prvInitialiseTaskLists  tasks.o
    0x08101b64   0x08101b64   0x00000068   Code   RO         3996    i.prvInsertBlockIntoFreeList  heap_4.o
    0x08101bcc   0x08101bcc   0x0000001a   Code   RO         2976    i.prvIsQueueEmpty   queue.o
    0x08101be6   0x08101be6   0x00000002   PAD
    0x08101be8   0x08101be8   0x00000110   Code   RO         3816    i.prvProcessReceivedCommands  timers.o
    0x08101cf8   0x08101cf8   0x00000044   Code   RO         3820    i.prvSwitchTimerLists  timers.o
    0x08101d3c   0x08101d3c   0x0000001a   Code   RO         4070    i.prvTaskExitError  port.o
    0x08101d56   0x08101d56   0x00000090   Code   RO         2979    i.prvUnlockQueue    queue.o
    0x08101de6   0x08101de6   0x00000002   PAD
    0x08101de8   0x08101de8   0x0000002c   Code   RO         4071    i.pxPortInitialiseStack  port.o
    0x08101e14   0x08101e14   0x00000038   Code   RO          612    i.uart_init         usart.o
    0x08101e4c   0x08101e4c   0x00000028   Code   RO         2917    i.uxListRemove      list.o
    0x08101e74   0x08101e74   0x0000000c   Code   RO         3429    i.uxTaskGetNumberOfTasks  tasks.o
    0x08101e80   0x08101e80   0x00000006   Code   RO         2919    i.vListInitialiseItem  list.o
    0x08101e86   0x08101e86   0x00000002   PAD
    0x08101e88   0x08101e88   0x00000028   Code   RO         4073    i.vPortEnterCritical  port.o
    0x08101eb0   0x08101eb0   0x00000020   Code   RO         4074    i.vPortExitCritical  port.o
    0x08101ed0   0x08101ed0   0x0000004a   Code   RO         2989    i.vQueueWaitForMessageRestricted  queue.o
    0x08101f1a   0x08101f1a   0x00000002   PAD
    0x08101f1c   0x08101f1c   0x00000034   Code   RO         3435    i.vTaskDelay        tasks.o
    0x08101f50   0x08101f50   0x00000018   Code   RO         3440    i.vTaskInternalSetTimeOutState  tasks.o
    0x08101f68   0x08101f68   0x00000020   Code   RO         3443    i.vTaskPlaceOnEventList  tasks.o
    0x08101f88   0x08101f88   0x0000004c   Code   RO         3444    i.vTaskPlaceOnEventListRestricted  tasks.o
    0x08101fd4   0x08101fd4   0x00000010   Code   RO         3454    i.vTaskSuspendAll   tasks.o
    0x08101fe4   0x08101fe4   0x00000060   Code   RO         3455    i.vTaskSwitchContext  tasks.o
    0x08102044   0x08102044   0x00000048   Code   RO         4076    i.xPortStartScheduler  port.o
    0x0810208c   0x0810208c   0x00000104   Code   RO         3004    i.xQueueReceive     queue.o
    0x08102190   0x08102190   0x00000060   Code   RO         3457    i.xTaskCheckForTimeOut  tasks.o
    0x081021f0   0x081021f0   0x0000000c   Code   RO         3466    i.xTaskGetTickCount  tasks.o
    0x081021fc   0x081021fc   0x00000190   Code   RO         3468    i.xTaskIncrementTick  tasks.o
    0x0810238c   0x0810238c   0x000000ac   Code   RO         3469    i.xTaskPriorityDisinherit  tasks.o
    0x08102438   0x08102438   0x0000000a   Code   RO         4321    x$fpl$fpinit        fz_wv.l(fpinit.o)
    0x08102442   0x08102442   0x00000040   Data   RO          432    .constdata          system_stm32h7xx.o
    0x08102482   0x08102482   0x00000030   Data   RO         2094    .constdata          stm32h7xx_hal_uart.o


==============================================================================

Image component sizes


      Code (inc. data)   RO Data    RW Data    ZI Data      Debug   Object Name

        20          4          0          4          0        813   delay.o
         0          0          0          0          0      14588   event_groups.o
       520         58          0         28      47104       4927   heap_4.o
       100         10          0          0          0        899   led.o
       124          0          0          0          0       2829   list.o
       200         26          0          0          0    1186599   main.o
       504         56          0          4          0      10020   port.o
      1114         14          0          0         64      13543   queue.o
        64         26        664          0       1536        848   startup_stm32h743xx.o
       160         32          0          9          0       4067   stm32h7xx_hal.o
       342         22          0          0          0      39521   stm32h7xx_hal_cortex.o
       248         12          0          0          0       2111   stm32h7xx_hal_dma.o
       598         54          0          0          0       2528   stm32h7xx_hal_gpio.o
         2          0          0          0          0        462   stm32h7xx_hal_msp.o
      3048         86          0          0          0       6092   stm32h7xx_hal_rcc.o
      1212         70          0          0          0       3611   stm32h7xx_hal_rcc_ex.o
      4094        140         48          0          0      13124   stm32h7xx_hal_uart.o
         2          0          0          0          0       1004   stm32h7xx_hal_uart_ex.o
        40          0          0          0          0       3307   stm32h7xx_it.o
       556         30          0          0          0      37393   sys.o
       148         18         64          8          0       1286   system_stm32h7xx.o
      2716        352          0         64        200      33589   tasks.o
       926        110          0         20         40      13672   timers.o
       428         56          0          7        328       5033   usart.o

    ----------------------------------------------------------------------
     17202       1176        810        148      49272    1401866   Object Totals
         8          0         32          0          0          0   (incl. Generated)
        28          0          2          4          0          0   (incl. Padding)

    ----------------------------------------------------------------------

      Code (inc. data)   RO Data    RW Data    ZI Data      Debug   Library Member Name

         8          0          0          0          0         68   __main.o
         0          0          0          0          0          0   __rtentry.o
        12          0          0          0          0          0   __rtentry2.o
         6          0          0          0          0          0   __rtentry4.o
        52          8          0          0          0          0   __scatter.o
        26          0          0          0          0          0   __scatter_copy.o
        28          0          0          0          0          0   __scatter_zi.o
        16          0          0          0          0         68   aeabi_memset.o
        18          0          0          0          0         80   exit.o
         6          0          0          0          0        152   heapauxi.o
         2          0          0          0          0          0   libinit.o
         6          0          0          0          0          0   libinit2.o
         2          0          0          0          0          0   libshutdown.o
         2          0          0          0          0          0   libshutdown2.o
         8          4          0          0         96         68   libspace.o
       238          0          0          0          0        100   lludivv7m.o
        68          0          0          0          0         68   rt_memclr.o
        78          0          0          0          0         80   rt_memclr_w.o
       138          0          0          0          0         68   rt_memcpy_v6.o
       100          0          0          0          0         80   rt_memcpy_w.o
         2          0          0          0          0          0   rtexit.o
        10          0          0          0          0          0   rtexit2.o
        74          0          0          0          0         80   sys_stackheap_outer.o
        10          0          0          0          0        116   fpinit.o

    ----------------------------------------------------------------------
       916         12          0          0        100       1028   Library Totals
         6          0          0          0          4          0   (incl. Padding)

    ----------------------------------------------------------------------

      Code (inc. data)   RO Data    RW Data    ZI Data      Debug   Library Name

       900         12          0          0         96        912   c_w.l
        10          0          0          0          0        116   fz_wv.l

    ----------------------------------------------------------------------
       916         12          0          0        100       1028   Library Totals

    ----------------------------------------------------------------------

==============================================================================


      Code (inc. data)   RO Data    RW Data    ZI Data      Debug   

     18118       1188        810        148      49372    1390530   Grand Totals
     18118       1188        810        148      49372    1390530   ELF Image Totals
     18118       1188        810        148          0          0   ROM Totals

==============================================================================

    Total RO  Size (Code + RO Data)                18928 (  18.48kB)
    Total RW  Size (RW Data + ZI Data)             49520 (  48.36kB)
    Total ROM Size (Code + RO Data + RW Data)      19076 (  18.63kB)

==============================================================================

